Archive member included because of file (symbol)

c:/program files (x86)/atmel/atmel studio 6.0/extensions/atmel/avrgcc/3.4.1.95/avrtoolchain/bin/../lib/gcc/avr/4.6.2/avr5\libgcc.a(_exit.o)
                              c:/program files (x86)/atmel/atmel studio 6.0/extensions/atmel/avrgcc/3.4.1.95/avrtoolchain/bin/../lib/gcc/avr/4.6.2/../../../../avr/lib/avr5/crtm32a.o (exit)
c:/program files (x86)/atmel/atmel studio 6.0/extensions/atmel/avrgcc/3.4.1.95/avrtoolchain/bin/../lib/gcc/avr/4.6.2/avr5\libgcc.a(_copy_data.o)
                              event_groups.o (__do_copy_data)
c:/program files (x86)/atmel/atmel studio 6.0/extensions/atmel/avrgcc/3.4.1.95/avrtoolchain/bin/../lib/gcc/avr/4.6.2/avr5\libgcc.a(_clear_bss.o)
                              event_groups.o (__do_clear_bss)
c:/program files (x86)/atmel/atmel studio 6.0/extensions/atmel/avrgcc/3.4.1.95/avrtoolchain/bin/../lib/gcc/avr/4.6.2/../../../../avr/lib/avr5\libc.a(memcpy.o)
                              queue.o (memcpy)

Allocating common symbols
Common symbol       size              file

xQueueRegistry      0x20              queue.o

Memory Configuration

Name             Origin             Length             Attributes
text             0x00000000         0x00020000         xr
data             0x00800060         0x0000ffa0         rw !x
eeprom           0x00810000         0x00010000         rw !x
fuse             0x00820000         0x00000400         rw !x
lock             0x00830000         0x00000400         rw !x
signature        0x00840000         0x00000400         rw !x
*default*        0x00000000         0xffffffff

Linker script and memory map

LOAD c:/program files (x86)/atmel/atmel studio 6.0/extensions/atmel/avrgcc/3.4.1.95/avrtoolchain/bin/../lib/gcc/avr/4.6.2/../../../../avr/lib/avr5/crtm32a.o
LOAD event_groups.o
LOAD GPIO.o
LOAD heap_2.o
LOAD list.o
LOAD port.o
LOAD preemption_RTOS.o
LOAD queue.o
LOAD tasks.o
START GROUP
LOAD c:/program files (x86)/atmel/atmel studio 6.0/extensions/atmel/avrgcc/3.4.1.95/avrtoolchain/bin/../lib/gcc/avr/4.6.2/../../../../avr/lib/avr5\libm.a
END GROUP
LOAD c:/program files (x86)/atmel/atmel studio 6.0/extensions/atmel/avrgcc/3.4.1.95/avrtoolchain/bin/../lib/gcc/avr/4.6.2/avr5\libgcc.a
LOAD c:/program files (x86)/atmel/atmel studio 6.0/extensions/atmel/avrgcc/3.4.1.95/avrtoolchain/bin/../lib/gcc/avr/4.6.2/../../../../avr/lib/avr5\libc.a
LOAD c:/program files (x86)/atmel/atmel studio 6.0/extensions/atmel/avrgcc/3.4.1.95/avrtoolchain/bin/../lib/gcc/avr/4.6.2/avr5\libgcc.a

.hash
 *(.hash)

.dynsym
 *(.dynsym)

.dynstr
 *(.dynstr)

.gnu.version
 *(.gnu.version)

.gnu.version_d
 *(.gnu.version_d)

.gnu.version_r
 *(.gnu.version_r)

.rel.init
 *(.rel.init)

.rela.init
 *(.rela.init)

.rel.text
 *(.rel.text)
 *(.rel.text.*)
 *(.rel.gnu.linkonce.t*)

.rela.text
 *(.rela.text)
 *(.rela.text.*)
 *(.rela.gnu.linkonce.t*)

.rel.fini
 *(.rel.fini)

.rela.fini
 *(.rela.fini)

.rel.rodata
 *(.rel.rodata)
 *(.rel.rodata.*)
 *(.rel.gnu.linkonce.r*)

.rela.rodata
 *(.rela.rodata)
 *(.rela.rodata.*)
 *(.rela.gnu.linkonce.r*)

.rel.data
 *(.rel.data)
 *(.rel.data.*)
 *(.rel.gnu.linkonce.d*)

.rela.data
 *(.rela.data)
 *(.rela.data.*)
 *(.rela.gnu.linkonce.d*)

.rel.ctors
 *(.rel.ctors)

.rela.ctors
 *(.rela.ctors)

.rel.dtors
 *(.rel.dtors)

.rela.dtors
 *(.rela.dtors)

.rel.got
 *(.rel.got)

.rela.got
 *(.rela.got)

.rel.bss
 *(.rel.bss)

.rela.bss
 *(.rela.bss)

.rel.plt
 *(.rel.plt)

.rela.plt
 *(.rela.plt)

.text           0x00000000     0x27da
 *(.vectors)
 .vectors       0x00000000       0x54 c:/program files (x86)/atmel/atmel studio 6.0/extensions/atmel/avrgcc/3.4.1.95/avrtoolchain/bin/../lib/gcc/avr/4.6.2/../../../../avr/lib/avr5/crtm32a.o
                0x00000000                __vector_default
                0x00000000                __vectors
 *(.vectors)
 *(.progmem.gcc*)
 *(.progmem*)
                0x00000054                . = ALIGN (0x2)
                0x00000054                __trampolines_start = .
 *(.trampolines)
 .trampolines   0x00000054        0x0 linker stubs
 *(.trampolines*)
                0x00000054                __trampolines_end = .
 *(.jumptables)
 *(.jumptables*)
 *(.lowtext)
 *(.lowtext*)
                0x00000054                __ctors_start = .
 *(.ctors)
                0x00000054                __ctors_end = .
                0x00000054                __dtors_start = .
 *(.dtors)
                0x00000054                __dtors_end = .
 SORT(*)(.ctors)
 SORT(*)(.dtors)
 *(.init0)
 .init0         0x00000054        0x0 c:/program files (x86)/atmel/atmel studio 6.0/extensions/atmel/avrgcc/3.4.1.95/avrtoolchain/bin/../lib/gcc/avr/4.6.2/../../../../avr/lib/avr5/crtm32a.o
                0x00000054                __init
 *(.init0)
 *(.init1)
 *(.init1)
 *(.init2)
 .init2         0x00000054        0xc c:/program files (x86)/atmel/atmel studio 6.0/extensions/atmel/avrgcc/3.4.1.95/avrtoolchain/bin/../lib/gcc/avr/4.6.2/../../../../avr/lib/avr5/crtm32a.o
 *(.init2)
 *(.init3)
 *(.init3)
 *(.init4)
 .init4         0x00000060       0x16 c:/program files (x86)/atmel/atmel studio 6.0/extensions/atmel/avrgcc/3.4.1.95/avrtoolchain/bin/../lib/gcc/avr/4.6.2/avr5\libgcc.a(_copy_data.o)
                0x00000060                __do_copy_data
 .init4         0x00000076       0x10 c:/program files (x86)/atmel/atmel studio 6.0/extensions/atmel/avrgcc/3.4.1.95/avrtoolchain/bin/../lib/gcc/avr/4.6.2/avr5\libgcc.a(_clear_bss.o)
                0x00000076                __do_clear_bss
 *(.init4)
 *(.init5)
 *(.init5)
 *(.init6)
 *(.init6)
 *(.init7)
 *(.init7)
 *(.init8)
 *(.init8)
 *(.init9)
 .init9         0x00000086        0x8 c:/program files (x86)/atmel/atmel studio 6.0/extensions/atmel/avrgcc/3.4.1.95/avrtoolchain/bin/../lib/gcc/avr/4.6.2/../../../../avr/lib/avr5/crtm32a.o
 *(.init9)
 *(.text)
 .text          0x0000008e        0x4 c:/program files (x86)/atmel/atmel studio 6.0/extensions/atmel/avrgcc/3.4.1.95/avrtoolchain/bin/../lib/gcc/avr/4.6.2/../../../../avr/lib/avr5/crtm32a.o
                0x0000008e                __vector_1
                0x0000008e                __vector_12
                0x0000008e                __bad_interrupt
                0x0000008e                __vector_6
                0x0000008e                __vector_3
                0x0000008e                __vector_11
                0x0000008e                __vector_13
                0x0000008e                __vector_17
                0x0000008e                __vector_19
                0x0000008e                __vector_5
                0x0000008e                __vector_4
                0x0000008e                __vector_9
                0x0000008e                __vector_2
                0x0000008e                __vector_15
                0x0000008e                __vector_8
                0x0000008e                __vector_14
                0x0000008e                __vector_10
                0x0000008e                __vector_16
                0x0000008e                __vector_18
                0x0000008e                __vector_20
 .text          0x00000092      0x352 event_groups.o
                0x000000b8                xEventGroupCreate
                0x000000e0                xEventGroupWaitBits
                0x000001b8                xEventGroupClearBits
                0x000001d6                xEventGroupGetBitsFromISR
                0x000001de                xEventGroupSetBits
                0x000002d4                xEventGroupSync
                0x000003a2                vEventGroupDelete
                0x000003d4                vEventGroupSetBitsCallback
                0x000003dc                vEventGroupClearBitsCallback
 .text          0x000003e4      0x140 GPIO.o
                0x000003e4                DIO_Set_Port_Direction
                0x000003fe                DIO_Set_Pin_Direction
                0x00000444                DIO_Set_Port_Value
                0x0000044c                DIO_Set_Pin_Value
                0x00000492                DIO_Get_Port_value
                0x000004ae                DIO_Get_Pin_value
                0x000004dc                DIO_Toggle_Pin
                0x000004fa                DIO_SET_HIGH_Nipple_Value
                0x00000510                DIO_SET_LOW_Nipple_Value
 .text          0x00000524      0x1b2 heap_2.o
                0x00000524                pvPortMalloc
                0x00000664                vPortFree
                0x000006ca                xPortGetFreeHeapSize
                0x000006d4                vPortInitialiseBlocks
 .text          0x000006d6      0x116 list.o
                0x000006d6                vListInitialise
                0x000006f2                vListInitialiseItem
                0x000006fa                vListInsertEnd
                0x00000738                vListInsert
                0x0000079c                uxListRemove
 .text          0x000007ec      0x2fe port.o
                0x000007ec                pxPortInitialiseStack
                0x0000090c                xPortStartScheduler
                0x00000976                vPortEndScheduler
                0x00000978                vPortYield
                0x00000a2a                vPortYieldFromTick
                0x00000ae4                __vector_7
 .text          0x00000aea       0x96 preemption_RTOS.o
                0x00000aea                Task1
                0x00000b12                Task2
                0x00000b4a                main
 .text          0x00000b80      0x858 queue.o
                0x00000d38                xQueueGenericReset
                0x00000dc4                xQueueGenericCreate
                0x00000e16                xQueueGenericSend
                0x00000f62                xQueueCreateMutex
                0x00000f98                xQueueGenericSendFromISR
                0x0000100a                xQueueGiveFromISR
                0x0000105c                xQueueGenericReceive
                0x000011f6                xQueueReceiveFromISR
                0x00001264                xQueuePeekFromISR
                0x00001292                uxQueueMessagesWaiting
                0x000012a2                uxQueueSpacesAvailable
                0x000012b6                uxQueueMessagesWaitingFromISR
                0x000012bc                xQueueIsQueueEmptyFromISR
                0x000012c8                xQueueIsQueueFullFromISR
                0x000012d6                vQueueAddToRegistry
                0x00001322                pcQueueGetName
                0x00001372                vQueueUnregisterQueue
                0x000013c2                vQueueDelete
 .text          0x000013d8     0x13ec tasks.o
                0x0000150e                xTaskCreate
                0x00001752                vTaskDelete
                0x000017f6                uxTaskPriorityGet
                0x00001814                uxTaskPriorityGetFromISR
                0x00001828                vTaskPrioritySet
                0x00001928                vTaskResume
                0x000019ae                xTaskResumeFromISR
                0x00001a40                vTaskStartScheduler
                0x00001a94                vTaskEndScheduler
                0x00001aa0                vTaskSuspendAll
                0x00001aac                xTaskGetTickCount
                0x00001ac0                xTaskGetTickCountFromISR
                0x00001aca                uxTaskGetNumberOfTasks
                0x00001ad0                pcTaskGetName
                0x00001ae0                xTaskIncrementTick
                0x00001c2a                xTaskResumeAll
                0x00001d9a                vTaskDelay
                0x00001dc2                vTaskDelayUntil
                0x00001e40                vTaskSwitchContext
                0x00001ef8                vTaskSuspend
                0x00001f96                vTaskPlaceOnEventList
                0x00001fba                vTaskPlaceOnUnorderedEventList
                0x00001fec                xTaskRemoveFromEventList
                0x00002082                xTaskRemoveFromUnorderedEventList
                0x000020f6                vTaskSetTimeOutState
                0x0000210c                xTaskCheckForTimeOut
                0x00002176                vTaskMissedYield
                0x0000217e                xTaskGetCurrentTaskHandle
                0x00002188                vTaskPriorityInherit
                0x00002244                xTaskPriorityDisinherit
                0x000022c6                uxTaskResetEventItemValue
                0x000022f6                pvTaskIncrementMutexHeldCount
                0x0000231a                ulTaskNotifyTake
                0x000023d0                xTaskNotifyWait
                0x000024c8                xTaskGenericNotify
                0x000025c2                xTaskGenericNotifyFromISR
                0x000026e2                vTaskNotifyGiveFromISR
                0x0000279a                xTaskNotifyStateClear
 .text          0x000027c4        0x0 c:/program files (x86)/atmel/atmel studio 6.0/extensions/atmel/avrgcc/3.4.1.95/avrtoolchain/bin/../lib/gcc/avr/4.6.2/avr5\libgcc.a(_exit.o)
 .text          0x000027c4        0x0 c:/program files (x86)/atmel/atmel studio 6.0/extensions/atmel/avrgcc/3.4.1.95/avrtoolchain/bin/../lib/gcc/avr/4.6.2/avr5\libgcc.a(_copy_data.o)
 .text          0x000027c4        0x0 c:/program files (x86)/atmel/atmel studio 6.0/extensions/atmel/avrgcc/3.4.1.95/avrtoolchain/bin/../lib/gcc/avr/4.6.2/avr5\libgcc.a(_clear_bss.o)
 .text          0x000027c4        0x0 c:/program files (x86)/atmel/atmel studio 6.0/extensions/atmel/avrgcc/3.4.1.95/avrtoolchain/bin/../lib/gcc/avr/4.6.2/../../../../avr/lib/avr5\libc.a(memcpy.o)
                0x000027c4                . = ALIGN (0x2)
 *(.text.*)
 .text.libgcc   0x000027c4        0x0 c:/program files (x86)/atmel/atmel studio 6.0/extensions/atmel/avrgcc/3.4.1.95/avrtoolchain/bin/../lib/gcc/avr/4.6.2/avr5\libgcc.a(_exit.o)
 .text.libgcc   0x000027c4        0x0 c:/program files (x86)/atmel/atmel studio 6.0/extensions/atmel/avrgcc/3.4.1.95/avrtoolchain/bin/../lib/gcc/avr/4.6.2/avr5\libgcc.a(_copy_data.o)
 .text.libgcc   0x000027c4        0x0 c:/program files (x86)/atmel/atmel studio 6.0/extensions/atmel/avrgcc/3.4.1.95/avrtoolchain/bin/../lib/gcc/avr/4.6.2/avr5\libgcc.a(_clear_bss.o)
 .text.avr-libc
                0x000027c4       0x12 c:/program files (x86)/atmel/atmel studio 6.0/extensions/atmel/avrgcc/3.4.1.95/avrtoolchain/bin/../lib/gcc/avr/4.6.2/../../../../avr/lib/avr5\libc.a(memcpy.o)
                0x000027c4                memcpy
                0x000027d6                . = ALIGN (0x2)
 *(.fini9)
 .fini9         0x000027d6        0x0 c:/program files (x86)/atmel/atmel studio 6.0/extensions/atmel/avrgcc/3.4.1.95/avrtoolchain/bin/../lib/gcc/avr/4.6.2/avr5\libgcc.a(_exit.o)
                0x000027d6                _exit
                0x000027d6                exit
 *(.fini9)
 *(.fini8)
 *(.fini8)
 *(.fini7)
 *(.fini7)
 *(.fini6)
 *(.fini6)
 *(.fini5)
 *(.fini5)
 *(.fini4)
 *(.fini4)
 *(.fini3)
 *(.fini3)
 *(.fini2)
 *(.fini2)
 *(.fini1)
 *(.fini1)
 *(.fini0)
 .fini0         0x000027d6        0x4 c:/program files (x86)/atmel/atmel studio 6.0/extensions/atmel/avrgcc/3.4.1.95/avrtoolchain/bin/../lib/gcc/avr/4.6.2/avr5\libgcc.a(_exit.o)
 *(.fini0)
                0x000027da                _etext = .

.data           0x00800060       0x12 load address 0x000027da
                0x00800060                PROVIDE (__data_start, .)
 *(.data)
 .data          0x00800060        0x0 c:/program files (x86)/atmel/atmel studio 6.0/extensions/atmel/avrgcc/3.4.1.95/avrtoolchain/bin/../lib/gcc/avr/4.6.2/../../../../avr/lib/avr5/crtm32a.o
 .data          0x00800060        0x0 event_groups.o
 .data          0x00800060        0x0 GPIO.o
 .data          0x00800060        0x2 heap_2.o
 .data          0x00800062        0x0 list.o
 .data          0x00800062        0x0 port.o
 .data          0x00800062        0xb preemption_RTOS.o
                0x0080006c                D1
 .data          0x0080006d        0x0 queue.o
 .data          0x0080006d        0x5 tasks.o
 .data          0x00800072        0x0 c:/program files (x86)/atmel/atmel studio 6.0/extensions/atmel/avrgcc/3.4.1.95/avrtoolchain/bin/../lib/gcc/avr/4.6.2/avr5\libgcc.a(_exit.o)
 .data          0x00800072        0x0 c:/program files (x86)/atmel/atmel studio 6.0/extensions/atmel/avrgcc/3.4.1.95/avrtoolchain/bin/../lib/gcc/avr/4.6.2/avr5\libgcc.a(_copy_data.o)
 .data          0x00800072        0x0 c:/program files (x86)/atmel/atmel studio 6.0/extensions/atmel/avrgcc/3.4.1.95/avrtoolchain/bin/../lib/gcc/avr/4.6.2/avr5\libgcc.a(_clear_bss.o)
 .data          0x00800072        0x0 c:/program files (x86)/atmel/atmel studio 6.0/extensions/atmel/avrgcc/3.4.1.95/avrtoolchain/bin/../lib/gcc/avr/4.6.2/../../../../avr/lib/avr5\libc.a(memcpy.o)
 *(.data*)
 *(.rodata)
 *(.rodata*)
 *(.gnu.linkonce.d*)
                0x00800072                . = ALIGN (0x2)
                0x00800072                _edata = .
                0x00800072                PROVIDE (__data_end, .)

.bss            0x00800072      0x3b9
                0x00800072                PROVIDE (__bss_start, .)
 *(.bss)
 .bss           0x00800072        0x0 c:/program files (x86)/atmel/atmel studio 6.0/extensions/atmel/avrgcc/3.4.1.95/avrtoolchain/bin/../lib/gcc/avr/4.6.2/../../../../avr/lib/avr5/crtm32a.o
 .bss           0x00800072        0x0 event_groups.o
 .bss           0x00800072        0x0 GPIO.o
 .bss           0x00800072      0x329 heap_2.o
 .bss           0x0080039b        0x0 list.o
 .bss           0x0080039b        0x0 port.o
 .bss           0x0080039b        0x1 preemption_RTOS.o
                0x0080039b                D0
 .bss           0x0080039c        0x0 queue.o
 .bss           0x0080039c       0x6f tasks.o
                0x0080039c                pxCurrentTCB
 .bss           0x0080040b        0x0 c:/program files (x86)/atmel/atmel studio 6.0/extensions/atmel/avrgcc/3.4.1.95/avrtoolchain/bin/../lib/gcc/avr/4.6.2/avr5\libgcc.a(_exit.o)
 .bss           0x0080040b        0x0 c:/program files (x86)/atmel/atmel studio 6.0/extensions/atmel/avrgcc/3.4.1.95/avrtoolchain/bin/../lib/gcc/avr/4.6.2/avr5\libgcc.a(_copy_data.o)
 .bss           0x0080040b        0x0 c:/program files (x86)/atmel/atmel studio 6.0/extensions/atmel/avrgcc/3.4.1.95/avrtoolchain/bin/../lib/gcc/avr/4.6.2/avr5\libgcc.a(_clear_bss.o)
 .bss           0x0080040b        0x0 c:/program files (x86)/atmel/atmel studio 6.0/extensions/atmel/avrgcc/3.4.1.95/avrtoolchain/bin/../lib/gcc/avr/4.6.2/../../../../avr/lib/avr5\libc.a(memcpy.o)
 *(.bss*)
 *(COMMON)
 COMMON         0x0080040b       0x20 queue.o
                0x0080040b                xQueueRegistry
                0x0080042b                PROVIDE (__bss_end, .)
                0x000027da                __data_load_start = LOADADDR (.data)
                0x000027ec                __data_load_end = (__data_load_start + SIZEOF (.data))

.noinit         0x0080042b        0x0
                0x0080042b                PROVIDE (__noinit_start, .)
 *(.noinit*)
                0x0080042b                PROVIDE (__noinit_end, .)
                0x0080042b                _end = .
                0x0080042b                PROVIDE (__heap_start, .)

.eeprom         0x00810000        0x0
 *(.eeprom*)
                0x00810000                __eeprom_end = .

.fuse
 *(.fuse)
 *(.lfuse)
 *(.hfuse)
 *(.efuse)

.lock
 *(.lock*)

.signature
 *(.signature*)

.stab           0x00000000      0x750
 *(.stab)
 .stab          0x00000000      0x6cc c:/program files (x86)/atmel/atmel studio 6.0/extensions/atmel/avrgcc/3.4.1.95/avrtoolchain/bin/../lib/gcc/avr/4.6.2/../../../../avr/lib/avr5/crtm32a.o
 .stab          0x000006cc       0x84 c:/program files (x86)/atmel/atmel studio 6.0/extensions/atmel/avrgcc/3.4.1.95/avrtoolchain/bin/../lib/gcc/avr/4.6.2/../../../../avr/lib/avr5\libc.a(memcpy.o)
                                 0x90 (size before relaxing)

.stabstr        0x00000000       0xe7
 *(.stabstr)
 .stabstr       0x00000000       0xe7 c:/program files (x86)/atmel/atmel studio 6.0/extensions/atmel/avrgcc/3.4.1.95/avrtoolchain/bin/../lib/gcc/avr/4.6.2/../../../../avr/lib/avr5/crtm32a.o

.stab.excl
 *(.stab.excl)

.stab.exclstr
 *(.stab.exclstr)

.stab.index
 *(.stab.index)

.stab.indexstr
 *(.stab.indexstr)

.comment
 *(.comment)

.debug
 *(.debug)

.line
 *(.line)

.debug_srcinfo
 *(.debug_srcinfo)

.debug_sfnames
 *(.debug_sfnames)

.debug_aranges  0x00000000      0x160
 *(.debug_aranges)
 .debug_aranges
                0x00000000       0x20 event_groups.o
 .debug_aranges
                0x00000020       0x20 GPIO.o
 .debug_aranges
                0x00000040       0x20 heap_2.o
 .debug_aranges
                0x00000060       0x20 list.o
 .debug_aranges
                0x00000080       0x20 port.o
 .debug_aranges
                0x000000a0       0x20 preemption_RTOS.o
 .debug_aranges
                0x000000c0       0x20 queue.o
 .debug_aranges
                0x000000e0       0x20 tasks.o
 .debug_aranges
                0x00000100       0x20 c:/program files (x86)/atmel/atmel studio 6.0/extensions/atmel/avrgcc/3.4.1.95/avrtoolchain/bin/../lib/gcc/avr/4.6.2/avr5\libgcc.a(_exit.o)
 .debug_aranges
                0x00000120       0x20 c:/program files (x86)/atmel/atmel studio 6.0/extensions/atmel/avrgcc/3.4.1.95/avrtoolchain/bin/../lib/gcc/avr/4.6.2/avr5\libgcc.a(_copy_data.o)
 .debug_aranges
                0x00000140       0x20 c:/program files (x86)/atmel/atmel studio 6.0/extensions/atmel/avrgcc/3.4.1.95/avrtoolchain/bin/../lib/gcc/avr/4.6.2/avr5\libgcc.a(_clear_bss.o)

.debug_pubnames
 *(.debug_pubnames)

.debug_info     0x00000000     0x3679
 *(.debug_info)
 .debug_info    0x00000000      0x661 event_groups.o
 .debug_info    0x00000661      0x282 GPIO.o
 .debug_info    0x000008e3      0x2db heap_2.o
 .debug_info    0x00000bbe      0x2b5 list.o
 .debug_info    0x00000e73      0x203 port.o
 .debug_info    0x00001076      0x217 preemption_RTOS.o
 .debug_info    0x0000128d      0xd27 queue.o
 .debug_info    0x00001fb4     0x142e tasks.o
 .debug_info    0x000033e2       0xdd c:/program files (x86)/atmel/atmel studio 6.0/extensions/atmel/avrgcc/3.4.1.95/avrtoolchain/bin/../lib/gcc/avr/4.6.2/avr5\libgcc.a(_exit.o)
 .debug_info    0x000034bf       0xdd c:/program files (x86)/atmel/atmel studio 6.0/extensions/atmel/avrgcc/3.4.1.95/avrtoolchain/bin/../lib/gcc/avr/4.6.2/avr5\libgcc.a(_copy_data.o)
 .debug_info    0x0000359c       0xdd c:/program files (x86)/atmel/atmel studio 6.0/extensions/atmel/avrgcc/3.4.1.95/avrtoolchain/bin/../lib/gcc/avr/4.6.2/avr5\libgcc.a(_clear_bss.o)
 *(.gnu.linkonce.wi.*)

.debug_abbrev   0x00000000      0xc5d
 *(.debug_abbrev)
 .debug_abbrev  0x00000000      0x183 event_groups.o
 .debug_abbrev  0x00000183       0xb4 GPIO.o
 .debug_abbrev  0x00000237      0x182 heap_2.o
 .debug_abbrev  0x000003b9       0xed list.o
 .debug_abbrev  0x000004a6      0x113 port.o
 .debug_abbrev  0x000005b9      0x143 preemption_RTOS.o
 .debug_abbrev  0x000006fc      0x277 queue.o
 .debug_abbrev  0x00000973      0x2ae tasks.o
 .debug_abbrev  0x00000c21       0x14 c:/program files (x86)/atmel/atmel studio 6.0/extensions/atmel/avrgcc/3.4.1.95/avrtoolchain/bin/../lib/gcc/avr/4.6.2/avr5\libgcc.a(_exit.o)
 .debug_abbrev  0x00000c35       0x14 c:/program files (x86)/atmel/atmel studio 6.0/extensions/atmel/avrgcc/3.4.1.95/avrtoolchain/bin/../lib/gcc/avr/4.6.2/avr5\libgcc.a(_copy_data.o)
 .debug_abbrev  0x00000c49       0x14 c:/program files (x86)/atmel/atmel studio 6.0/extensions/atmel/avrgcc/3.4.1.95/avrtoolchain/bin/../lib/gcc/avr/4.6.2/avr5\libgcc.a(_clear_bss.o)

.debug_line     0x00000000     0x138f
 *(.debug_line)
 .debug_line    0x00000000      0x1c7 event_groups.o
 .debug_line    0x000001c7       0x73 GPIO.o
 .debug_line    0x0000023a      0x1d0 heap_2.o
 .debug_line    0x0000040a      0x11f list.o
 .debug_line    0x00000529      0x14b port.o
 .debug_line    0x00000674      0x1b4 preemption_RTOS.o
 .debug_line    0x00000828      0x389 queue.o
 .debug_line    0x00000bb1      0x637 tasks.o
 .debug_line    0x000011e8       0x88 c:/program files (x86)/atmel/atmel studio 6.0/extensions/atmel/avrgcc/3.4.1.95/avrtoolchain/bin/../lib/gcc/avr/4.6.2/avr5\libgcc.a(_exit.o)
 .debug_line    0x00001270       0x91 c:/program files (x86)/atmel/atmel studio 6.0/extensions/atmel/avrgcc/3.4.1.95/avrtoolchain/bin/../lib/gcc/avr/4.6.2/avr5\libgcc.a(_copy_data.o)
 .debug_line    0x00001301       0x8e c:/program files (x86)/atmel/atmel studio 6.0/extensions/atmel/avrgcc/3.4.1.95/avrtoolchain/bin/../lib/gcc/avr/4.6.2/avr5\libgcc.a(_clear_bss.o)

.debug_frame    0x00000000      0xbcc
 *(.debug_frame)
 .debug_frame   0x00000000      0x168 event_groups.o
 .debug_frame   0x00000168       0xc4 GPIO.o
 .debug_frame   0x0000022c       0x7c heap_2.o
 .debug_frame   0x000002a8       0x88 list.o
 .debug_frame   0x00000330       0x74 port.o
 .debug_frame   0x000003a4       0x44 preemption_RTOS.o
 .debug_frame   0x000003e8      0x2bc queue.o
 .debug_frame   0x000006a4      0x528 tasks.o

.debug_str      0x00000000     0x1607
 *(.debug_str)
 .debug_str     0x00000000      0x3e9 event_groups.o
                                0x463 (size before relaxing)
 .debug_str     0x000003e9      0x14f GPIO.o
                                0x1a0 (size before relaxing)
 .debug_str     0x00000538      0x15c heap_2.o
                                0x25e (size before relaxing)
 .debug_str     0x00000694       0x8e list.o
                                0x234 (size before relaxing)
 .debug_str     0x00000722       0xf2 port.o
                                0x207 (size before relaxing)
 .debug_str     0x00000814       0x72 preemption_RTOS.o
                                0x186 (size before relaxing)
 .debug_str     0x00000886      0x456 queue.o
                                0x65f (size before relaxing)
 .debug_str     0x00000cdc      0x92b tasks.o
                                0xbd7 (size before relaxing)

.debug_loc      0x00000000     0x4030
 *(.debug_loc)
 .debug_loc     0x00000000      0xaaa event_groups.o
 .debug_loc     0x00000aaa      0x2b1 GPIO.o
 .debug_loc     0x00000d5b      0x2ca heap_2.o
 .debug_loc     0x00001025      0x149 list.o
 .debug_loc     0x0000116e      0x28e port.o
 .debug_loc     0x000013fc       0x70 preemption_RTOS.o
 .debug_loc     0x0000146c     0x10c9 queue.o
 .debug_loc     0x00002535     0x1afb tasks.o

.debug_macinfo
 *(.debug_macinfo)
OUTPUT(preemption_RTOS.elf elf32-avr)
LOAD linker stubs

.debug_ranges   0x00000000      0x130
 .debug_ranges  0x00000000       0x78 queue.o
 .debug_ranges  0x00000078       0xb8 tasks.o
