Archive member included because of file (symbol)

c:/program files (x86)/atmel/atmel studio 6.0/extensions/atmel/avrgcc/3.4.1.95/avrtoolchain/bin/../lib/gcc/avr/4.6.2/avr5\libgcc.a(_exit.o)
                              c:/program files (x86)/atmel/atmel studio 6.0/extensions/atmel/avrgcc/3.4.1.95/avrtoolchain/bin/../lib/gcc/avr/4.6.2/../../../../avr/lib/avr5/crtm32a.o (exit)
c:/program files (x86)/atmel/atmel studio 6.0/extensions/atmel/avrgcc/3.4.1.95/avrtoolchain/bin/../lib/gcc/avr/4.6.2/avr5\libgcc.a(_copy_data.o)
                              event_groups.o (__do_copy_data)
c:/program files (x86)/atmel/atmel studio 6.0/extensions/atmel/avrgcc/3.4.1.95/avrtoolchain/bin/../lib/gcc/avr/4.6.2/avr5\libgcc.a(_clear_bss.o)
                              event_groups.o (__do_clear_bss)
c:/program files (x86)/atmel/atmel studio 6.0/extensions/atmel/avrgcc/3.4.1.95/avrtoolchain/bin/../lib/gcc/avr/4.6.2/../../../../avr/lib/avr5\libc.a(memcpy.o)
                              queue.o (memcpy)

Allocating common symbols
Common symbol       size              file

xQueueRegistry      0x20              queue.o
my_sem              0x2               Semaphore_1.o

Memory Configuration

Name             Origin             Length             Attributes
text             0x00000000         0x00020000         xr
data             0x00800060         0x0000ffa0         rw !x
eeprom           0x00810000         0x00010000         rw !x
fuse             0x00820000         0x00000400         rw !x
lock             0x00830000         0x00000400         rw !x
signature        0x00840000         0x00000400         rw !x
*default*        0x00000000         0xffffffff

Linker script and memory map

LOAD c:/program files (x86)/atmel/atmel studio 6.0/extensions/atmel/avrgcc/3.4.1.95/avrtoolchain/bin/../lib/gcc/avr/4.6.2/../../../../avr/lib/avr5/crtm32a.o
LOAD event_groups.o
LOAD EXT_Interrupt.o
LOAD GPIO.o
LOAD heap_2.o
LOAD list.o
LOAD port.o
LOAD queue.o
LOAD Semaphore_1.o
LOAD tasks.o
START GROUP
LOAD c:/program files (x86)/atmel/atmel studio 6.0/extensions/atmel/avrgcc/3.4.1.95/avrtoolchain/bin/../lib/gcc/avr/4.6.2/../../../../avr/lib/avr5\libm.a
END GROUP
LOAD c:/program files (x86)/atmel/atmel studio 6.0/extensions/atmel/avrgcc/3.4.1.95/avrtoolchain/bin/../lib/gcc/avr/4.6.2/avr5\libgcc.a
LOAD c:/program files (x86)/atmel/atmel studio 6.0/extensions/atmel/avrgcc/3.4.1.95/avrtoolchain/bin/../lib/gcc/avr/4.6.2/../../../../avr/lib/avr5\libc.a
LOAD c:/program files (x86)/atmel/atmel studio 6.0/extensions/atmel/avrgcc/3.4.1.95/avrtoolchain/bin/../lib/gcc/avr/4.6.2/avr5\libgcc.a

.hash
 *(.hash)

.dynsym
 *(.dynsym)

.dynstr
 *(.dynstr)

.gnu.version
 *(.gnu.version)

.gnu.version_d
 *(.gnu.version_d)

.gnu.version_r
 *(.gnu.version_r)

.rel.init
 *(.rel.init)

.rela.init
 *(.rela.init)

.rel.text
 *(.rel.text)
 *(.rel.text.*)
 *(.rel.gnu.linkonce.t*)

.rela.text
 *(.rela.text)
 *(.rela.text.*)
 *(.rela.gnu.linkonce.t*)

.rel.fini
 *(.rel.fini)

.rela.fini
 *(.rela.fini)

.rel.rodata
 *(.rel.rodata)
 *(.rel.rodata.*)
 *(.rel.gnu.linkonce.r*)

.rela.rodata
 *(.rela.rodata)
 *(.rela.rodata.*)
 *(.rela.gnu.linkonce.r*)

.rel.data
 *(.rel.data)
 *(.rel.data.*)
 *(.rel.gnu.linkonce.d*)

.rela.data
 *(.rela.data)
 *(.rela.data.*)
 *(.rela.gnu.linkonce.d*)

.rel.ctors
 *(.rel.ctors)

.rela.ctors
 *(.rela.ctors)

.rel.dtors
 *(.rel.dtors)

.rela.dtors
 *(.rela.dtors)

.rel.got
 *(.rel.got)

.rela.got
 *(.rela.got)

.rel.bss
 *(.rel.bss)

.rela.bss
 *(.rela.bss)

.rel.plt
 *(.rel.plt)

.rela.plt
 *(.rela.plt)

.text           0x00000000     0x2868
 *(.vectors)
 .vectors       0x00000000       0x54 c:/program files (x86)/atmel/atmel studio 6.0/extensions/atmel/avrgcc/3.4.1.95/avrtoolchain/bin/../lib/gcc/avr/4.6.2/../../../../avr/lib/avr5/crtm32a.o
                0x00000000                __vector_default
                0x00000000                __vectors
 *(.vectors)
 *(.progmem.gcc*)
 *(.progmem*)
                0x00000054                . = ALIGN (0x2)
                0x00000054                __trampolines_start = .
 *(.trampolines)
 .trampolines   0x00000054        0x0 linker stubs
 *(.trampolines*)
                0x00000054                __trampolines_end = .
 *(.jumptables)
 *(.jumptables*)
 *(.lowtext)
 *(.lowtext*)
                0x00000054                __ctors_start = .
 *(.ctors)
                0x00000054                __ctors_end = .
                0x00000054                __dtors_start = .
 *(.dtors)
                0x00000054                __dtors_end = .
 SORT(*)(.ctors)
 SORT(*)(.dtors)
 *(.init0)
 .init0         0x00000054        0x0 c:/program files (x86)/atmel/atmel studio 6.0/extensions/atmel/avrgcc/3.4.1.95/avrtoolchain/bin/../lib/gcc/avr/4.6.2/../../../../avr/lib/avr5/crtm32a.o
                0x00000054                __init
 *(.init0)
 *(.init1)
 *(.init1)
 *(.init2)
 .init2         0x00000054        0xc c:/program files (x86)/atmel/atmel studio 6.0/extensions/atmel/avrgcc/3.4.1.95/avrtoolchain/bin/../lib/gcc/avr/4.6.2/../../../../avr/lib/avr5/crtm32a.o
 *(.init2)
 *(.init3)
 *(.init3)
 *(.init4)
 .init4         0x00000060       0x16 c:/program files (x86)/atmel/atmel studio 6.0/extensions/atmel/avrgcc/3.4.1.95/avrtoolchain/bin/../lib/gcc/avr/4.6.2/avr5\libgcc.a(_copy_data.o)
                0x00000060                __do_copy_data
 .init4         0x00000076       0x10 c:/program files (x86)/atmel/atmel studio 6.0/extensions/atmel/avrgcc/3.4.1.95/avrtoolchain/bin/../lib/gcc/avr/4.6.2/avr5\libgcc.a(_clear_bss.o)
                0x00000076                __do_clear_bss
 *(.init4)
 *(.init5)
 *(.init5)
 *(.init6)
 *(.init6)
 *(.init7)
 *(.init7)
 *(.init8)
 *(.init8)
 *(.init9)
 .init9         0x00000086        0x8 c:/program files (x86)/atmel/atmel studio 6.0/extensions/atmel/avrgcc/3.4.1.95/avrtoolchain/bin/../lib/gcc/avr/4.6.2/../../../../avr/lib/avr5/crtm32a.o
 *(.init9)
 *(.text)
 .text          0x0000008e        0x4 c:/program files (x86)/atmel/atmel studio 6.0/extensions/atmel/avrgcc/3.4.1.95/avrtoolchain/bin/../lib/gcc/avr/4.6.2/../../../../avr/lib/avr5/crtm32a.o
                0x0000008e                __vector_12
                0x0000008e                __bad_interrupt
                0x0000008e                __vector_6
                0x0000008e                __vector_3
                0x0000008e                __vector_11
                0x0000008e                __vector_13
                0x0000008e                __vector_17
                0x0000008e                __vector_19
                0x0000008e                __vector_5
                0x0000008e                __vector_4
                0x0000008e                __vector_9
                0x0000008e                __vector_2
                0x0000008e                __vector_15
                0x0000008e                __vector_8
                0x0000008e                __vector_14
                0x0000008e                __vector_10
                0x0000008e                __vector_16
                0x0000008e                __vector_18
                0x0000008e                __vector_20
 .text          0x00000092      0x352 event_groups.o
                0x000000b8                xEventGroupCreate
                0x000000e0                xEventGroupWaitBits
                0x000001b8                xEventGroupClearBits
                0x000001d6                xEventGroupGetBitsFromISR
                0x000001de                xEventGroupSetBits
                0x000002d4                xEventGroupSync
                0x000003a2                vEventGroupDelete
                0x000003d4                vEventGroupSetBitsCallback
                0x000003dc                vEventGroupClearBitsCallback
 .text          0x000003e4        0x0 EXT_Interrupt.o
 .text          0x000003e4      0x140 GPIO.o
                0x000003e4                DIO_Set_Port_Direction
                0x000003fe                DIO_Set_Pin_Direction
                0x00000444                DIO_Set_Port_Value
                0x0000044c                DIO_Set_Pin_Value
                0x00000492                DIO_Get_Port_value
                0x000004ae                DIO_Get_Pin_value
                0x000004dc                DIO_Toggle_Pin
                0x000004fa                DIO_SET_HIGH_Nipple_Value
                0x00000510                DIO_SET_LOW_Nipple_Value
 .text          0x00000524      0x1b2 heap_2.o
                0x00000524                pvPortMalloc
                0x00000664                vPortFree
                0x000006ca                xPortGetFreeHeapSize
                0x000006d4                vPortInitialiseBlocks
 .text          0x000006d6      0x116 list.o
                0x000006d6                vListInitialise
                0x000006f2                vListInitialiseItem
                0x000006fa                vListInsertEnd
                0x00000738                vListInsert
                0x0000079c                uxListRemove
 .text          0x000007ec      0x2fe port.o
                0x000007ec                pxPortInitialiseStack
                0x0000090c                xPortStartScheduler
                0x00000976                vPortEndScheduler
                0x00000978                vPortYield
                0x00000a2a                vPortYieldFromTick
                0x00000ae4                __vector_7
 .text          0x00000aea      0x858 queue.o
                0x00000ca2                xQueueGenericReset
                0x00000d2e                xQueueGenericCreate
                0x00000d80                xQueueGenericSend
                0x00000ecc                xQueueCreateMutex
                0x00000f02                xQueueGenericSendFromISR
                0x00000f74                xQueueGiveFromISR
                0x00000fc6                xQueueGenericReceive
                0x00001160                xQueueReceiveFromISR
                0x000011ce                xQueuePeekFromISR
                0x000011fc                uxQueueMessagesWaiting
                0x0000120c                uxQueueSpacesAvailable
                0x00001220                uxQueueMessagesWaitingFromISR
                0x00001226                xQueueIsQueueEmptyFromISR
                0x00001232                xQueueIsQueueFullFromISR
                0x00001240                vQueueAddToRegistry
                0x0000128c                pcQueueGetName
                0x000012dc                vQueueUnregisterQueue
                0x0000132c                vQueueDelete
 .text          0x00001342      0x124 Semaphore_1.o
                0x00001342                Task2
                0x00001368                Task1
                0x000013bc                main
                0x00001412                __vector_1
 .text          0x00001466     0x13ec tasks.o
                0x0000159c                xTaskCreate
                0x000017e0                vTaskDelete
                0x00001884                uxTaskPriorityGet
                0x000018a2                uxTaskPriorityGetFromISR
                0x000018b6                vTaskPrioritySet
                0x000019b6                vTaskResume
                0x00001a3c                xTaskResumeFromISR
                0x00001ace                vTaskStartScheduler
                0x00001b22                vTaskEndScheduler
                0x00001b2e                vTaskSuspendAll
                0x00001b3a                xTaskGetTickCount
                0x00001b4e                xTaskGetTickCountFromISR
                0x00001b58                uxTaskGetNumberOfTasks
                0x00001b5e                pcTaskGetName
                0x00001b6e                xTaskIncrementTick
                0x00001cb8                xTaskResumeAll
                0x00001e28                vTaskDelay
                0x00001e50                vTaskDelayUntil
                0x00001ece                vTaskSwitchContext
                0x00001f86                vTaskSuspend
                0x00002024                vTaskPlaceOnEventList
                0x00002048                vTaskPlaceOnUnorderedEventList
                0x0000207a                xTaskRemoveFromEventList
                0x00002110                xTaskRemoveFromUnorderedEventList
                0x00002184                vTaskSetTimeOutState
                0x0000219a                xTaskCheckForTimeOut
                0x00002204                vTaskMissedYield
                0x0000220c                xTaskGetCurrentTaskHandle
                0x00002216                vTaskPriorityInherit
                0x000022d2                xTaskPriorityDisinherit
                0x00002354                uxTaskResetEventItemValue
                0x00002384                pvTaskIncrementMutexHeldCount
                0x000023a8                ulTaskNotifyTake
                0x0000245e                xTaskNotifyWait
                0x00002556                xTaskGenericNotify
                0x00002650                xTaskGenericNotifyFromISR
                0x00002770                vTaskNotifyGiveFromISR
                0x00002828                xTaskNotifyStateClear
 .text          0x00002852        0x0 c:/program files (x86)/atmel/atmel studio 6.0/extensions/atmel/avrgcc/3.4.1.95/avrtoolchain/bin/../lib/gcc/avr/4.6.2/avr5\libgcc.a(_exit.o)
 .text          0x00002852        0x0 c:/program files (x86)/atmel/atmel studio 6.0/extensions/atmel/avrgcc/3.4.1.95/avrtoolchain/bin/../lib/gcc/avr/4.6.2/avr5\libgcc.a(_copy_data.o)
 .text          0x00002852        0x0 c:/program files (x86)/atmel/atmel studio 6.0/extensions/atmel/avrgcc/3.4.1.95/avrtoolchain/bin/../lib/gcc/avr/4.6.2/avr5\libgcc.a(_clear_bss.o)
 .text          0x00002852        0x0 c:/program files (x86)/atmel/atmel studio 6.0/extensions/atmel/avrgcc/3.4.1.95/avrtoolchain/bin/../lib/gcc/avr/4.6.2/../../../../avr/lib/avr5\libc.a(memcpy.o)
                0x00002852                . = ALIGN (0x2)
 *(.text.*)
 .text.libgcc   0x00002852        0x0 c:/program files (x86)/atmel/atmel studio 6.0/extensions/atmel/avrgcc/3.4.1.95/avrtoolchain/bin/../lib/gcc/avr/4.6.2/avr5\libgcc.a(_exit.o)
 .text.libgcc   0x00002852        0x0 c:/program files (x86)/atmel/atmel studio 6.0/extensions/atmel/avrgcc/3.4.1.95/avrtoolchain/bin/../lib/gcc/avr/4.6.2/avr5\libgcc.a(_copy_data.o)
 .text.libgcc   0x00002852        0x0 c:/program files (x86)/atmel/atmel studio 6.0/extensions/atmel/avrgcc/3.4.1.95/avrtoolchain/bin/../lib/gcc/avr/4.6.2/avr5\libgcc.a(_clear_bss.o)
 .text.avr-libc
                0x00002852       0x12 c:/program files (x86)/atmel/atmel studio 6.0/extensions/atmel/avrgcc/3.4.1.95/avrtoolchain/bin/../lib/gcc/avr/4.6.2/../../../../avr/lib/avr5\libc.a(memcpy.o)
                0x00002852                memcpy
                0x00002864                . = ALIGN (0x2)
 *(.fini9)
 .fini9         0x00002864        0x0 c:/program files (x86)/atmel/atmel studio 6.0/extensions/atmel/avrgcc/3.4.1.95/avrtoolchain/bin/../lib/gcc/avr/4.6.2/avr5\libgcc.a(_exit.o)
                0x00002864                _exit
                0x00002864                exit
 *(.fini9)
 *(.fini8)
 *(.fini8)
 *(.fini7)
 *(.fini7)
 *(.fini6)
 *(.fini6)
 *(.fini5)
 *(.fini5)
 *(.fini4)
 *(.fini4)
 *(.fini3)
 *(.fini3)
 *(.fini2)
 *(.fini2)
 *(.fini1)
 *(.fini1)
 *(.fini0)
 .fini0         0x00002864        0x4 c:/program files (x86)/atmel/atmel studio 6.0/extensions/atmel/avrgcc/3.4.1.95/avrtoolchain/bin/../lib/gcc/avr/4.6.2/avr5\libgcc.a(_exit.o)
 *(.fini0)
                0x00002868                _etext = .

.data           0x00800060       0x14 load address 0x00002868
                0x00800060                PROVIDE (__data_start, .)
 *(.data)
 .data          0x00800060        0x0 c:/program files (x86)/atmel/atmel studio 6.0/extensions/atmel/avrgcc/3.4.1.95/avrtoolchain/bin/../lib/gcc/avr/4.6.2/../../../../avr/lib/avr5/crtm32a.o
 .data          0x00800060        0x0 event_groups.o
 .data          0x00800060        0x0 EXT_Interrupt.o
 .data          0x00800060        0x0 GPIO.o
 .data          0x00800060        0x2 heap_2.o
 .data          0x00800062        0x0 list.o
 .data          0x00800062        0x0 port.o
 .data          0x00800062        0x0 queue.o
 .data          0x00800062        0xc Semaphore_1.o
 .data          0x0080006e        0x5 tasks.o
 .data          0x00800073        0x0 c:/program files (x86)/atmel/atmel studio 6.0/extensions/atmel/avrgcc/3.4.1.95/avrtoolchain/bin/../lib/gcc/avr/4.6.2/avr5\libgcc.a(_exit.o)
 .data          0x00800073        0x0 c:/program files (x86)/atmel/atmel studio 6.0/extensions/atmel/avrgcc/3.4.1.95/avrtoolchain/bin/../lib/gcc/avr/4.6.2/avr5\libgcc.a(_copy_data.o)
 .data          0x00800073        0x0 c:/program files (x86)/atmel/atmel studio 6.0/extensions/atmel/avrgcc/3.4.1.95/avrtoolchain/bin/../lib/gcc/avr/4.6.2/avr5\libgcc.a(_clear_bss.o)
 .data          0x00800073        0x0 c:/program files (x86)/atmel/atmel studio 6.0/extensions/atmel/avrgcc/3.4.1.95/avrtoolchain/bin/../lib/gcc/avr/4.6.2/../../../../avr/lib/avr5\libc.a(memcpy.o)
 *(.data*)
 *(.rodata)
 *(.rodata*)
 *(.gnu.linkonce.d*)
                0x00800074                . = ALIGN (0x2)
 *fill*         0x00800073        0x1 00
                0x00800074                _edata = .
                0x00800074                PROVIDE (__data_end, .)

.bss            0x00800074      0x3ba
                0x00800074                PROVIDE (__bss_start, .)
 *(.bss)
 .bss           0x00800074        0x0 c:/program files (x86)/atmel/atmel studio 6.0/extensions/atmel/avrgcc/3.4.1.95/avrtoolchain/bin/../lib/gcc/avr/4.6.2/../../../../avr/lib/avr5/crtm32a.o
 .bss           0x00800074        0x0 event_groups.o
 .bss           0x00800074        0x0 EXT_Interrupt.o
 .bss           0x00800074        0x0 GPIO.o
 .bss           0x00800074      0x329 heap_2.o
 .bss           0x0080039d        0x0 list.o
 .bss           0x0080039d        0x0 port.o
 .bss           0x0080039d        0x0 queue.o
 .bss           0x0080039d        0x0 Semaphore_1.o
 .bss           0x0080039d       0x6f tasks.o
                0x0080039d                pxCurrentTCB
 .bss           0x0080040c        0x0 c:/program files (x86)/atmel/atmel studio 6.0/extensions/atmel/avrgcc/3.4.1.95/avrtoolchain/bin/../lib/gcc/avr/4.6.2/avr5\libgcc.a(_exit.o)
 .bss           0x0080040c        0x0 c:/program files (x86)/atmel/atmel studio 6.0/extensions/atmel/avrgcc/3.4.1.95/avrtoolchain/bin/../lib/gcc/avr/4.6.2/avr5\libgcc.a(_copy_data.o)
 .bss           0x0080040c        0x0 c:/program files (x86)/atmel/atmel studio 6.0/extensions/atmel/avrgcc/3.4.1.95/avrtoolchain/bin/../lib/gcc/avr/4.6.2/avr5\libgcc.a(_clear_bss.o)
 .bss           0x0080040c        0x0 c:/program files (x86)/atmel/atmel studio 6.0/extensions/atmel/avrgcc/3.4.1.95/avrtoolchain/bin/../lib/gcc/avr/4.6.2/../../../../avr/lib/avr5\libc.a(memcpy.o)
 *(.bss*)
 *(COMMON)
 COMMON         0x0080040c       0x20 queue.o
                0x0080040c                xQueueRegistry
 COMMON         0x0080042c        0x2 Semaphore_1.o
                0x0080042c                my_sem
                0x0080042e                PROVIDE (__bss_end, .)
                0x00002868                __data_load_start = LOADADDR (.data)
                0x0000287c                __data_load_end = (__data_load_start + SIZEOF (.data))

.noinit         0x0080042e        0x0
                0x0080042e                PROVIDE (__noinit_start, .)
 *(.noinit*)
                0x0080042e                PROVIDE (__noinit_end, .)
                0x0080042e                _end = .
                0x0080042e                PROVIDE (__heap_start, .)

.eeprom         0x00810000        0x0
 *(.eeprom*)
                0x00810000                __eeprom_end = .

.fuse
 *(.fuse)
 *(.lfuse)
 *(.hfuse)
 *(.efuse)

.lock
 *(.lock*)

.signature
 *(.signature*)

.stab           0x00000000      0x750
 *(.stab)
 .stab          0x00000000      0x6cc c:/program files (x86)/atmel/atmel studio 6.0/extensions/atmel/avrgcc/3.4.1.95/avrtoolchain/bin/../lib/gcc/avr/4.6.2/../../../../avr/lib/avr5/crtm32a.o
 .stab          0x000006cc       0x84 c:/program files (x86)/atmel/atmel studio 6.0/extensions/atmel/avrgcc/3.4.1.95/avrtoolchain/bin/../lib/gcc/avr/4.6.2/../../../../avr/lib/avr5\libc.a(memcpy.o)
                                 0x90 (size before relaxing)

.stabstr        0x00000000       0xe7
 *(.stabstr)
 .stabstr       0x00000000       0xe7 c:/program files (x86)/atmel/atmel studio 6.0/extensions/atmel/avrgcc/3.4.1.95/avrtoolchain/bin/../lib/gcc/avr/4.6.2/../../../../avr/lib/avr5/crtm32a.o

.stab.excl
 *(.stab.excl)

.stab.exclstr
 *(.stab.exclstr)

.stab.index
 *(.stab.index)

.stab.indexstr
 *(.stab.indexstr)

.comment
 *(.comment)

.debug
 *(.debug)

.line
 *(.line)

.debug_srcinfo
 *(.debug_srcinfo)

.debug_sfnames
 *(.debug_sfnames)

.debug_aranges  0x00000000      0x160
 *(.debug_aranges)
 .debug_aranges
                0x00000000       0x20 event_groups.o
 .debug_aranges
                0x00000020       0x20 GPIO.o
 .debug_aranges
                0x00000040       0x20 heap_2.o
 .debug_aranges
                0x00000060       0x20 list.o
 .debug_aranges
                0x00000080       0x20 port.o
 .debug_aranges
                0x000000a0       0x20 queue.o
 .debug_aranges
                0x000000c0       0x20 Semaphore_1.o
 .debug_aranges
                0x000000e0       0x20 tasks.o
 .debug_aranges
                0x00000100       0x20 c:/program files (x86)/atmel/atmel studio 6.0/extensions/atmel/avrgcc/3.4.1.95/avrtoolchain/bin/../lib/gcc/avr/4.6.2/avr5\libgcc.a(_exit.o)
 .debug_aranges
                0x00000120       0x20 c:/program files (x86)/atmel/atmel studio 6.0/extensions/atmel/avrgcc/3.4.1.95/avrtoolchain/bin/../lib/gcc/avr/4.6.2/avr5\libgcc.a(_copy_data.o)
 .debug_aranges
                0x00000140       0x20 c:/program files (x86)/atmel/atmel studio 6.0/extensions/atmel/avrgcc/3.4.1.95/avrtoolchain/bin/../lib/gcc/avr/4.6.2/avr5\libgcc.a(_clear_bss.o)

.debug_pubnames
 *(.debug_pubnames)

.debug_info     0x00000000     0x368c
 *(.debug_info)
 .debug_info    0x00000000      0x661 event_groups.o
 .debug_info    0x00000661      0x274 GPIO.o
 .debug_info    0x000008d5      0x2db heap_2.o
 .debug_info    0x00000bb0      0x2b5 list.o
 .debug_info    0x00000e65      0x203 port.o
 .debug_info    0x00001068      0xd27 queue.o
 .debug_info    0x00001d8f      0x238 Semaphore_1.o
 .debug_info    0x00001fc7     0x142e tasks.o
 .debug_info    0x000033f5       0xdd c:/program files (x86)/atmel/atmel studio 6.0/extensions/atmel/avrgcc/3.4.1.95/avrtoolchain/bin/../lib/gcc/avr/4.6.2/avr5\libgcc.a(_exit.o)
 .debug_info    0x000034d2       0xdd c:/program files (x86)/atmel/atmel studio 6.0/extensions/atmel/avrgcc/3.4.1.95/avrtoolchain/bin/../lib/gcc/avr/4.6.2/avr5\libgcc.a(_copy_data.o)
 .debug_info    0x000035af       0xdd c:/program files (x86)/atmel/atmel studio 6.0/extensions/atmel/avrgcc/3.4.1.95/avrtoolchain/bin/../lib/gcc/avr/4.6.2/avr5\libgcc.a(_clear_bss.o)
 *(.gnu.linkonce.wi.*)

.debug_abbrev   0x00000000      0xc78
 *(.debug_abbrev)
 .debug_abbrev  0x00000000      0x183 event_groups.o
 .debug_abbrev  0x00000183        0x1 EXT_Interrupt.o
 .debug_abbrev  0x00000184       0xb4 GPIO.o
 .debug_abbrev  0x00000238      0x182 heap_2.o
 .debug_abbrev  0x000003ba       0xed list.o
 .debug_abbrev  0x000004a7      0x113 port.o
 .debug_abbrev  0x000005ba      0x277 queue.o
 .debug_abbrev  0x00000831      0x15d Semaphore_1.o
 .debug_abbrev  0x0000098e      0x2ae tasks.o
 .debug_abbrev  0x00000c3c       0x14 c:/program files (x86)/atmel/atmel studio 6.0/extensions/atmel/avrgcc/3.4.1.95/avrtoolchain/bin/../lib/gcc/avr/4.6.2/avr5\libgcc.a(_exit.o)
 .debug_abbrev  0x00000c50       0x14 c:/program files (x86)/atmel/atmel studio 6.0/extensions/atmel/avrgcc/3.4.1.95/avrtoolchain/bin/../lib/gcc/avr/4.6.2/avr5\libgcc.a(_copy_data.o)
 .debug_abbrev  0x00000c64       0x14 c:/program files (x86)/atmel/atmel studio 6.0/extensions/atmel/avrgcc/3.4.1.95/avrtoolchain/bin/../lib/gcc/avr/4.6.2/avr5\libgcc.a(_clear_bss.o)

.debug_line     0x00000000     0x13bc
 *(.debug_line)
 .debug_line    0x00000000      0x1c7 event_groups.o
 .debug_line    0x000001c7        0x0 EXT_Interrupt.o
 .debug_line    0x000001c7       0x73 GPIO.o
 .debug_line    0x0000023a      0x1d0 heap_2.o
 .debug_line    0x0000040a      0x11f list.o
 .debug_line    0x00000529      0x14b port.o
 .debug_line    0x00000674      0x389 queue.o
 .debug_line    0x000009fd      0x1e1 Semaphore_1.o
 .debug_line    0x00000bde      0x637 tasks.o
 .debug_line    0x00001215       0x88 c:/program files (x86)/atmel/atmel studio 6.0/extensions/atmel/avrgcc/3.4.1.95/avrtoolchain/bin/../lib/gcc/avr/4.6.2/avr5\libgcc.a(_exit.o)
 .debug_line    0x0000129d       0x91 c:/program files (x86)/atmel/atmel studio 6.0/extensions/atmel/avrgcc/3.4.1.95/avrtoolchain/bin/../lib/gcc/avr/4.6.2/avr5\libgcc.a(_copy_data.o)
 .debug_line    0x0000132e       0x8e c:/program files (x86)/atmel/atmel studio 6.0/extensions/atmel/avrgcc/3.4.1.95/avrtoolchain/bin/../lib/gcc/avr/4.6.2/avr5\libgcc.a(_clear_bss.o)

.debug_frame    0x00000000      0xc24
 *(.debug_frame)
 .debug_frame   0x00000000      0x168 event_groups.o
 .debug_frame   0x00000168       0xc4 GPIO.o
 .debug_frame   0x0000022c       0x7c heap_2.o
 .debug_frame   0x000002a8       0x88 list.o
 .debug_frame   0x00000330       0x74 port.o
 .debug_frame   0x000003a4      0x2bc queue.o
 .debug_frame   0x00000660       0x9c Semaphore_1.o
 .debug_frame   0x000006fc      0x528 tasks.o

.debug_str      0x00000000     0x15bd
 *(.debug_str)
 .debug_str     0x00000000      0x3e2 event_groups.o
                                0x45c (size before relaxing)
 .debug_str     0x000003e2       0xe2 GPIO.o
                                0x190 (size before relaxing)
 .debug_str     0x000004c4      0x15c heap_2.o
                                0x257 (size before relaxing)
 .debug_str     0x00000620       0x8e list.o
                                0x22d (size before relaxing)
 .debug_str     0x000006ae       0xf2 port.o
                                0x200 (size before relaxing)
 .debug_str     0x000007a0      0x456 queue.o
                                0x658 (size before relaxing)
 .debug_str     0x00000bf6       0x9c Semaphore_1.o
                                0x1cc (size before relaxing)
 .debug_str     0x00000c92      0x92b tasks.o
                                0xbd0 (size before relaxing)

.debug_loc      0x00000000     0x4121
 *(.debug_loc)
 .debug_loc     0x00000000      0xaaa event_groups.o
 .debug_loc     0x00000aaa      0x2b1 GPIO.o
 .debug_loc     0x00000d5b      0x2ca heap_2.o
 .debug_loc     0x00001025      0x149 list.o
 .debug_loc     0x0000116e      0x28e port.o
 .debug_loc     0x000013fc     0x10c9 queue.o
 .debug_loc     0x000024c5      0x161 Semaphore_1.o
 .debug_loc     0x00002626     0x1afb tasks.o

.debug_macinfo
 *(.debug_macinfo)
OUTPUT(Semaphore_1.elf elf32-avr)
LOAD linker stubs

.debug_ranges   0x00000000      0x130
 .debug_ranges  0x00000000       0x78 queue.o
 .debug_ranges  0x00000078       0xb8 tasks.o
