Archive member included because of file (symbol)

c:/program files (x86)/atmel/atmel studio 6.0/extensions/atmel/avrgcc/3.4.1.95/avrtoolchain/bin/../lib/gcc/avr/4.6.2/avr5\libgcc.a(_exit.o)
                              c:/program files (x86)/atmel/atmel studio 6.0/extensions/atmel/avrgcc/3.4.1.95/avrtoolchain/bin/../lib/gcc/avr/4.6.2/../../../../avr/lib/avr5/crtm32a.o (exit)
c:/program files (x86)/atmel/atmel studio 6.0/extensions/atmel/avrgcc/3.4.1.95/avrtoolchain/bin/../lib/gcc/avr/4.6.2/avr5\libgcc.a(_copy_data.o)
                              event_groups.o (__do_copy_data)
c:/program files (x86)/atmel/atmel studio 6.0/extensions/atmel/avrgcc/3.4.1.95/avrtoolchain/bin/../lib/gcc/avr/4.6.2/avr5\libgcc.a(_clear_bss.o)
                              event_groups.o (__do_clear_bss)
c:/program files (x86)/atmel/atmel studio 6.0/extensions/atmel/avrgcc/3.4.1.95/avrtoolchain/bin/../lib/gcc/avr/4.6.2/../../../../avr/lib/avr5\libc.a(memcpy.o)
                              queue.o (memcpy)

Allocating common symbols
Common symbol       size              file

x                   0x1               Mutual Exclusion_2.o
xQueueRegistry      0x20              queue.o
y                   0x1               Mutual Exclusion_2.o

Memory Configuration

Name             Origin             Length             Attributes
text             0x00000000         0x00020000         xr
data             0x00800060         0x0000ffa0         rw !x
eeprom           0x00810000         0x00010000         rw !x
fuse             0x00820000         0x00000400         rw !x
lock             0x00830000         0x00000400         rw !x
signature        0x00840000         0x00000400         rw !x
*default*        0x00000000         0xffffffff

Linker script and memory map

LOAD c:/program files (x86)/atmel/atmel studio 6.0/extensions/atmel/avrgcc/3.4.1.95/avrtoolchain/bin/../lib/gcc/avr/4.6.2/../../../../avr/lib/avr5/crtm32a.o
LOAD event_groups.o
LOAD GPIO.o
LOAD heap_2.o
LOAD list.o
LOAD Mutual Exclusion_2.o
LOAD port.o
LOAD queue.o
LOAD tasks.o
START GROUP
LOAD c:/program files (x86)/atmel/atmel studio 6.0/extensions/atmel/avrgcc/3.4.1.95/avrtoolchain/bin/../lib/gcc/avr/4.6.2/../../../../avr/lib/avr5\libm.a
END GROUP
LOAD c:/program files (x86)/atmel/atmel studio 6.0/extensions/atmel/avrgcc/3.4.1.95/avrtoolchain/bin/../lib/gcc/avr/4.6.2/avr5\libgcc.a
LOAD c:/program files (x86)/atmel/atmel studio 6.0/extensions/atmel/avrgcc/3.4.1.95/avrtoolchain/bin/../lib/gcc/avr/4.6.2/../../../../avr/lib/avr5\libc.a
LOAD c:/program files (x86)/atmel/atmel studio 6.0/extensions/atmel/avrgcc/3.4.1.95/avrtoolchain/bin/../lib/gcc/avr/4.6.2/avr5\libgcc.a

.hash
 *(.hash)

.dynsym
 *(.dynsym)

.dynstr
 *(.dynstr)

.gnu.version
 *(.gnu.version)

.gnu.version_d
 *(.gnu.version_d)

.gnu.version_r
 *(.gnu.version_r)

.rel.init
 *(.rel.init)

.rela.init
 *(.rela.init)

.rel.text
 *(.rel.text)
 *(.rel.text.*)
 *(.rel.gnu.linkonce.t*)

.rela.text
 *(.rela.text)
 *(.rela.text.*)
 *(.rela.gnu.linkonce.t*)

.rel.fini
 *(.rel.fini)

.rela.fini
 *(.rela.fini)

.rel.rodata
 *(.rel.rodata)
 *(.rel.rodata.*)
 *(.rel.gnu.linkonce.r*)

.rela.rodata
 *(.rela.rodata)
 *(.rela.rodata.*)
 *(.rela.gnu.linkonce.r*)

.rel.data
 *(.rel.data)
 *(.rel.data.*)
 *(.rel.gnu.linkonce.d*)

.rela.data
 *(.rela.data)
 *(.rela.data.*)
 *(.rela.gnu.linkonce.d*)

.rel.ctors
 *(.rel.ctors)

.rela.ctors
 *(.rela.ctors)

.rel.dtors
 *(.rel.dtors)

.rela.dtors
 *(.rela.dtors)

.rel.got
 *(.rel.got)

.rela.got
 *(.rela.got)

.rel.bss
 *(.rel.bss)

.rela.bss
 *(.rela.bss)

.rel.plt
 *(.rel.plt)

.rela.plt
 *(.rela.plt)

.text           0x00000000     0x27d2
 *(.vectors)
 .vectors       0x00000000       0x54 c:/program files (x86)/atmel/atmel studio 6.0/extensions/atmel/avrgcc/3.4.1.95/avrtoolchain/bin/../lib/gcc/avr/4.6.2/../../../../avr/lib/avr5/crtm32a.o
                0x00000000                __vector_default
                0x00000000                __vectors
 *(.vectors)
 *(.progmem.gcc*)
 *(.progmem*)
                0x00000054                . = ALIGN (0x2)
                0x00000054                __trampolines_start = .
 *(.trampolines)
 .trampolines   0x00000054        0x0 linker stubs
 *(.trampolines*)
                0x00000054                __trampolines_end = .
 *(.jumptables)
 *(.jumptables*)
 *(.lowtext)
 *(.lowtext*)
                0x00000054                __ctors_start = .
 *(.ctors)
                0x00000054                __ctors_end = .
                0x00000054                __dtors_start = .
 *(.dtors)
                0x00000054                __dtors_end = .
 SORT(*)(.ctors)
 SORT(*)(.dtors)
 *(.init0)
 .init0         0x00000054        0x0 c:/program files (x86)/atmel/atmel studio 6.0/extensions/atmel/avrgcc/3.4.1.95/avrtoolchain/bin/../lib/gcc/avr/4.6.2/../../../../avr/lib/avr5/crtm32a.o
                0x00000054                __init
 *(.init0)
 *(.init1)
 *(.init1)
 *(.init2)
 .init2         0x00000054        0xc c:/program files (x86)/atmel/atmel studio 6.0/extensions/atmel/avrgcc/3.4.1.95/avrtoolchain/bin/../lib/gcc/avr/4.6.2/../../../../avr/lib/avr5/crtm32a.o
 *(.init2)
 *(.init3)
 *(.init3)
 *(.init4)
 .init4         0x00000060       0x16 c:/program files (x86)/atmel/atmel studio 6.0/extensions/atmel/avrgcc/3.4.1.95/avrtoolchain/bin/../lib/gcc/avr/4.6.2/avr5\libgcc.a(_copy_data.o)
                0x00000060                __do_copy_data
 .init4         0x00000076       0x10 c:/program files (x86)/atmel/atmel studio 6.0/extensions/atmel/avrgcc/3.4.1.95/avrtoolchain/bin/../lib/gcc/avr/4.6.2/avr5\libgcc.a(_clear_bss.o)
                0x00000076                __do_clear_bss
 *(.init4)
 *(.init5)
 *(.init5)
 *(.init6)
 *(.init6)
 *(.init7)
 *(.init7)
 *(.init8)
 *(.init8)
 *(.init9)
 .init9         0x00000086        0x8 c:/program files (x86)/atmel/atmel studio 6.0/extensions/atmel/avrgcc/3.4.1.95/avrtoolchain/bin/../lib/gcc/avr/4.6.2/../../../../avr/lib/avr5/crtm32a.o
 *(.init9)
 *(.text)
 .text          0x0000008e        0x4 c:/program files (x86)/atmel/atmel studio 6.0/extensions/atmel/avrgcc/3.4.1.95/avrtoolchain/bin/../lib/gcc/avr/4.6.2/../../../../avr/lib/avr5/crtm32a.o
                0x0000008e                __vector_1
                0x0000008e                __vector_12
                0x0000008e                __bad_interrupt
                0x0000008e                __vector_6
                0x0000008e                __vector_3
                0x0000008e                __vector_11
                0x0000008e                __vector_13
                0x0000008e                __vector_17
                0x0000008e                __vector_19
                0x0000008e                __vector_5
                0x0000008e                __vector_4
                0x0000008e                __vector_9
                0x0000008e                __vector_2
                0x0000008e                __vector_15
                0x0000008e                __vector_8
                0x0000008e                __vector_14
                0x0000008e                __vector_10
                0x0000008e                __vector_16
                0x0000008e                __vector_18
                0x0000008e                __vector_20
 .text          0x00000092      0x352 event_groups.o
                0x000000b8                xEventGroupCreate
                0x000000e0                xEventGroupWaitBits
                0x000001b8                xEventGroupClearBits
                0x000001d6                xEventGroupGetBitsFromISR
                0x000001de                xEventGroupSetBits
                0x000002d4                xEventGroupSync
                0x000003a2                vEventGroupDelete
                0x000003d4                vEventGroupSetBitsCallback
                0x000003dc                vEventGroupClearBitsCallback
 .text          0x000003e4      0x140 GPIO.o
                0x000003e4                DIO_Set_Port_Direction
                0x000003fe                DIO_Set_Pin_Direction
                0x00000444                DIO_Set_Port_Value
                0x0000044c                DIO_Set_Pin_Value
                0x00000492                DIO_Get_Port_value
                0x000004ae                DIO_Get_Pin_value
                0x000004dc                DIO_Toggle_Pin
                0x000004fa                DIO_SET_HIGH_Nipple_Value
                0x00000510                DIO_SET_LOW_Nipple_Value
 .text          0x00000524      0x1b2 heap_2.o
                0x00000524                pvPortMalloc
                0x00000664                vPortFree
                0x000006ca                xPortGetFreeHeapSize
                0x000006d4                vPortInitialiseBlocks
 .text          0x000006d6      0x116 list.o
                0x000006d6                vListInitialise
                0x000006f2                vListInitialiseItem
                0x000006fa                vListInsertEnd
                0x00000738                vListInsert
                0x0000079c                uxListRemove
 .text          0x000007ec       0x8e Mutual Exclusion_2.o
                0x000007ec                Task2
                0x0000081c                Task1
                0x00000844                main
 .text          0x0000087a      0x2fe port.o
                0x0000087a                pxPortInitialiseStack
                0x0000099a                xPortStartScheduler
                0x00000a04                vPortEndScheduler
                0x00000a06                vPortYield
                0x00000ab8                vPortYieldFromTick
                0x00000b72                __vector_7
 .text          0x00000b78      0x858 queue.o
                0x00000d30                xQueueGenericReset
                0x00000dbc                xQueueGenericCreate
                0x00000e0e                xQueueGenericSend
                0x00000f5a                xQueueCreateMutex
                0x00000f90                xQueueGenericSendFromISR
                0x00001002                xQueueGiveFromISR
                0x00001054                xQueueGenericReceive
                0x000011ee                xQueueReceiveFromISR
                0x0000125c                xQueuePeekFromISR
                0x0000128a                uxQueueMessagesWaiting
                0x0000129a                uxQueueSpacesAvailable
                0x000012ae                uxQueueMessagesWaitingFromISR
                0x000012b4                xQueueIsQueueEmptyFromISR
                0x000012c0                xQueueIsQueueFullFromISR
                0x000012ce                vQueueAddToRegistry
                0x0000131a                pcQueueGetName
                0x0000136a                vQueueUnregisterQueue
                0x000013ba                vQueueDelete
 .text          0x000013d0     0x13ec tasks.o
                0x00001506                xTaskCreate
                0x0000174a                vTaskDelete
                0x000017ee                uxTaskPriorityGet
                0x0000180c                uxTaskPriorityGetFromISR
                0x00001820                vTaskPrioritySet
                0x00001920                vTaskResume
                0x000019a6                xTaskResumeFromISR
                0x00001a38                vTaskStartScheduler
                0x00001a8c                vTaskEndScheduler
                0x00001a98                vTaskSuspendAll
                0x00001aa4                xTaskGetTickCount
                0x00001ab8                xTaskGetTickCountFromISR
                0x00001ac2                uxTaskGetNumberOfTasks
                0x00001ac8                pcTaskGetName
                0x00001ad8                xTaskIncrementTick
                0x00001c22                xTaskResumeAll
                0x00001d92                vTaskDelay
                0x00001dba                vTaskDelayUntil
                0x00001e38                vTaskSwitchContext
                0x00001ef0                vTaskSuspend
                0x00001f8e                vTaskPlaceOnEventList
                0x00001fb2                vTaskPlaceOnUnorderedEventList
                0x00001fe4                xTaskRemoveFromEventList
                0x0000207a                xTaskRemoveFromUnorderedEventList
                0x000020ee                vTaskSetTimeOutState
                0x00002104                xTaskCheckForTimeOut
                0x0000216e                vTaskMissedYield
                0x00002176                xTaskGetCurrentTaskHandle
                0x00002180                vTaskPriorityInherit
                0x0000223c                xTaskPriorityDisinherit
                0x000022be                uxTaskResetEventItemValue
                0x000022ee                pvTaskIncrementMutexHeldCount
                0x00002312                ulTaskNotifyTake
                0x000023c8                xTaskNotifyWait
                0x000024c0                xTaskGenericNotify
                0x000025ba                xTaskGenericNotifyFromISR
                0x000026da                vTaskNotifyGiveFromISR
                0x00002792                xTaskNotifyStateClear
 .text          0x000027bc        0x0 c:/program files (x86)/atmel/atmel studio 6.0/extensions/atmel/avrgcc/3.4.1.95/avrtoolchain/bin/../lib/gcc/avr/4.6.2/avr5\libgcc.a(_exit.o)
 .text          0x000027bc        0x0 c:/program files (x86)/atmel/atmel studio 6.0/extensions/atmel/avrgcc/3.4.1.95/avrtoolchain/bin/../lib/gcc/avr/4.6.2/avr5\libgcc.a(_copy_data.o)
 .text          0x000027bc        0x0 c:/program files (x86)/atmel/atmel studio 6.0/extensions/atmel/avrgcc/3.4.1.95/avrtoolchain/bin/../lib/gcc/avr/4.6.2/avr5\libgcc.a(_clear_bss.o)
 .text          0x000027bc        0x0 c:/program files (x86)/atmel/atmel studio 6.0/extensions/atmel/avrgcc/3.4.1.95/avrtoolchain/bin/../lib/gcc/avr/4.6.2/../../../../avr/lib/avr5\libc.a(memcpy.o)
                0x000027bc                . = ALIGN (0x2)
 *(.text.*)
 .text.libgcc   0x000027bc        0x0 c:/program files (x86)/atmel/atmel studio 6.0/extensions/atmel/avrgcc/3.4.1.95/avrtoolchain/bin/../lib/gcc/avr/4.6.2/avr5\libgcc.a(_exit.o)
 .text.libgcc   0x000027bc        0x0 c:/program files (x86)/atmel/atmel studio 6.0/extensions/atmel/avrgcc/3.4.1.95/avrtoolchain/bin/../lib/gcc/avr/4.6.2/avr5\libgcc.a(_copy_data.o)
 .text.libgcc   0x000027bc        0x0 c:/program files (x86)/atmel/atmel studio 6.0/extensions/atmel/avrgcc/3.4.1.95/avrtoolchain/bin/../lib/gcc/avr/4.6.2/avr5\libgcc.a(_clear_bss.o)
 .text.avr-libc
                0x000027bc       0x12 c:/program files (x86)/atmel/atmel studio 6.0/extensions/atmel/avrgcc/3.4.1.95/avrtoolchain/bin/../lib/gcc/avr/4.6.2/../../../../avr/lib/avr5\libc.a(memcpy.o)
                0x000027bc                memcpy
                0x000027ce                . = ALIGN (0x2)
 *(.fini9)
 .fini9         0x000027ce        0x0 c:/program files (x86)/atmel/atmel studio 6.0/extensions/atmel/avrgcc/3.4.1.95/avrtoolchain/bin/../lib/gcc/avr/4.6.2/avr5\libgcc.a(_exit.o)
                0x000027ce                _exit
                0x000027ce                exit
 *(.fini9)
 *(.fini8)
 *(.fini8)
 *(.fini7)
 *(.fini7)
 *(.fini6)
 *(.fini6)
 *(.fini5)
 *(.fini5)
 *(.fini4)
 *(.fini4)
 *(.fini3)
 *(.fini3)
 *(.fini2)
 *(.fini2)
 *(.fini1)
 *(.fini1)
 *(.fini0)
 .fini0         0x000027ce        0x4 c:/program files (x86)/atmel/atmel studio 6.0/extensions/atmel/avrgcc/3.4.1.95/avrtoolchain/bin/../lib/gcc/avr/4.6.2/avr5\libgcc.a(_exit.o)
 *(.fini0)
                0x000027d2                _etext = .

.data           0x00800060       0x12 load address 0x000027d2
                0x00800060                PROVIDE (__data_start, .)
 *(.data)
 .data          0x00800060        0x0 c:/program files (x86)/atmel/atmel studio 6.0/extensions/atmel/avrgcc/3.4.1.95/avrtoolchain/bin/../lib/gcc/avr/4.6.2/../../../../avr/lib/avr5/crtm32a.o
 .data          0x00800060        0x0 event_groups.o
 .data          0x00800060        0x0 GPIO.o
 .data          0x00800060        0x2 heap_2.o
 .data          0x00800062        0x0 list.o
 .data          0x00800062        0xa Mutual Exclusion_2.o
 .data          0x0080006c        0x0 port.o
 .data          0x0080006c        0x0 queue.o
 .data          0x0080006c        0x5 tasks.o
 .data          0x00800071        0x0 c:/program files (x86)/atmel/atmel studio 6.0/extensions/atmel/avrgcc/3.4.1.95/avrtoolchain/bin/../lib/gcc/avr/4.6.2/avr5\libgcc.a(_exit.o)
 .data          0x00800071        0x0 c:/program files (x86)/atmel/atmel studio 6.0/extensions/atmel/avrgcc/3.4.1.95/avrtoolchain/bin/../lib/gcc/avr/4.6.2/avr5\libgcc.a(_copy_data.o)
 .data          0x00800071        0x0 c:/program files (x86)/atmel/atmel studio 6.0/extensions/atmel/avrgcc/3.4.1.95/avrtoolchain/bin/../lib/gcc/avr/4.6.2/avr5\libgcc.a(_clear_bss.o)
 .data          0x00800071        0x0 c:/program files (x86)/atmel/atmel studio 6.0/extensions/atmel/avrgcc/3.4.1.95/avrtoolchain/bin/../lib/gcc/avr/4.6.2/../../../../avr/lib/avr5\libc.a(memcpy.o)
 *(.data*)
 *(.rodata)
 *(.rodata*)
 *(.gnu.linkonce.d*)
                0x00800072                . = ALIGN (0x2)
 *fill*         0x00800071        0x1 00
                0x00800072                _edata = .
                0x00800072                PROVIDE (__data_end, .)

.bss            0x00800072      0x3ba
                0x00800072                PROVIDE (__bss_start, .)
 *(.bss)
 .bss           0x00800072        0x0 c:/program files (x86)/atmel/atmel studio 6.0/extensions/atmel/avrgcc/3.4.1.95/avrtoolchain/bin/../lib/gcc/avr/4.6.2/../../../../avr/lib/avr5/crtm32a.o
 .bss           0x00800072        0x0 event_groups.o
 .bss           0x00800072        0x0 GPIO.o
 .bss           0x00800072      0x329 heap_2.o
 .bss           0x0080039b        0x0 list.o
 .bss           0x0080039b        0x0 Mutual Exclusion_2.o
 .bss           0x0080039b        0x0 port.o
 .bss           0x0080039b        0x0 queue.o
 .bss           0x0080039b       0x6f tasks.o
                0x0080039b                pxCurrentTCB
 .bss           0x0080040a        0x0 c:/program files (x86)/atmel/atmel studio 6.0/extensions/atmel/avrgcc/3.4.1.95/avrtoolchain/bin/../lib/gcc/avr/4.6.2/avr5\libgcc.a(_exit.o)
 .bss           0x0080040a        0x0 c:/program files (x86)/atmel/atmel studio 6.0/extensions/atmel/avrgcc/3.4.1.95/avrtoolchain/bin/../lib/gcc/avr/4.6.2/avr5\libgcc.a(_copy_data.o)
 .bss           0x0080040a        0x0 c:/program files (x86)/atmel/atmel studio 6.0/extensions/atmel/avrgcc/3.4.1.95/avrtoolchain/bin/../lib/gcc/avr/4.6.2/avr5\libgcc.a(_clear_bss.o)
 .bss           0x0080040a        0x0 c:/program files (x86)/atmel/atmel studio 6.0/extensions/atmel/avrgcc/3.4.1.95/avrtoolchain/bin/../lib/gcc/avr/4.6.2/../../../../avr/lib/avr5\libc.a(memcpy.o)
 *(.bss*)
 *(COMMON)
 COMMON         0x0080040a        0x2 Mutual Exclusion_2.o
                0x0080040a                x
                0x0080040b                y
 COMMON         0x0080040c       0x20 queue.o
                0x0080040c                xQueueRegistry
                0x0080042c                PROVIDE (__bss_end, .)
                0x000027d2                __data_load_start = LOADADDR (.data)
                0x000027e4                __data_load_end = (__data_load_start + SIZEOF (.data))

.noinit         0x0080042c        0x0
                0x0080042c                PROVIDE (__noinit_start, .)
 *(.noinit*)
                0x0080042c                PROVIDE (__noinit_end, .)
                0x0080042c                _end = .
                0x0080042c                PROVIDE (__heap_start, .)

.eeprom         0x00810000        0x0
 *(.eeprom*)
                0x00810000                __eeprom_end = .

.fuse
 *(.fuse)
 *(.lfuse)
 *(.hfuse)
 *(.efuse)

.lock
 *(.lock*)

.signature
 *(.signature*)

.stab           0x00000000      0x750
 *(.stab)
 .stab          0x00000000      0x6cc c:/program files (x86)/atmel/atmel studio 6.0/extensions/atmel/avrgcc/3.4.1.95/avrtoolchain/bin/../lib/gcc/avr/4.6.2/../../../../avr/lib/avr5/crtm32a.o
 .stab          0x000006cc       0x84 c:/program files (x86)/atmel/atmel studio 6.0/extensions/atmel/avrgcc/3.4.1.95/avrtoolchain/bin/../lib/gcc/avr/4.6.2/../../../../avr/lib/avr5\libc.a(memcpy.o)
                                 0x90 (size before relaxing)

.stabstr        0x00000000       0xe7
 *(.stabstr)
 .stabstr       0x00000000       0xe7 c:/program files (x86)/atmel/atmel studio 6.0/extensions/atmel/avrgcc/3.4.1.95/avrtoolchain/bin/../lib/gcc/avr/4.6.2/../../../../avr/lib/avr5/crtm32a.o

.stab.excl
 *(.stab.excl)

.stab.exclstr
 *(.stab.exclstr)

.stab.index
 *(.stab.index)

.stab.indexstr
 *(.stab.indexstr)

.comment
 *(.comment)

.debug
 *(.debug)

.line
 *(.line)

.debug_srcinfo
 *(.debug_srcinfo)

.debug_sfnames
 *(.debug_sfnames)

.debug_aranges  0x00000000      0x160
 *(.debug_aranges)
 .debug_aranges
                0x00000000       0x20 event_groups.o
 .debug_aranges
                0x00000020       0x20 GPIO.o
 .debug_aranges
                0x00000040       0x20 heap_2.o
 .debug_aranges
                0x00000060       0x20 list.o
 .debug_aranges
                0x00000080       0x20 Mutual Exclusion_2.o
 .debug_aranges
                0x000000a0       0x20 port.o
 .debug_aranges
                0x000000c0       0x20 queue.o
 .debug_aranges
                0x000000e0       0x20 tasks.o
 .debug_aranges
                0x00000100       0x20 c:/program files (x86)/atmel/atmel studio 6.0/extensions/atmel/avrgcc/3.4.1.95/avrtoolchain/bin/../lib/gcc/avr/4.6.2/avr5\libgcc.a(_exit.o)
 .debug_aranges
                0x00000120       0x20 c:/program files (x86)/atmel/atmel studio 6.0/extensions/atmel/avrgcc/3.4.1.95/avrtoolchain/bin/../lib/gcc/avr/4.6.2/avr5\libgcc.a(_copy_data.o)
 .debug_aranges
                0x00000140       0x20 c:/program files (x86)/atmel/atmel studio 6.0/extensions/atmel/avrgcc/3.4.1.95/avrtoolchain/bin/../lib/gcc/avr/4.6.2/avr5\libgcc.a(_clear_bss.o)

.debug_pubnames
 *(.debug_pubnames)

.debug_info     0x00000000     0x3626
 *(.debug_info)
 .debug_info    0x00000000      0x661 event_groups.o
 .debug_info    0x00000661      0x282 GPIO.o
 .debug_info    0x000008e3      0x2db heap_2.o
 .debug_info    0x00000bbe      0x2b5 list.o
 .debug_info    0x00000e73      0x1c4 Mutual Exclusion_2.o
 .debug_info    0x00001037      0x203 port.o
 .debug_info    0x0000123a      0xd27 queue.o
 .debug_info    0x00001f61     0x142e tasks.o
 .debug_info    0x0000338f       0xdd c:/program files (x86)/atmel/atmel studio 6.0/extensions/atmel/avrgcc/3.4.1.95/avrtoolchain/bin/../lib/gcc/avr/4.6.2/avr5\libgcc.a(_exit.o)
 .debug_info    0x0000346c       0xdd c:/program files (x86)/atmel/atmel studio 6.0/extensions/atmel/avrgcc/3.4.1.95/avrtoolchain/bin/../lib/gcc/avr/4.6.2/avr5\libgcc.a(_copy_data.o)
 .debug_info    0x00003549       0xdd c:/program files (x86)/atmel/atmel studio 6.0/extensions/atmel/avrgcc/3.4.1.95/avrtoolchain/bin/../lib/gcc/avr/4.6.2/avr5\libgcc.a(_clear_bss.o)
 *(.gnu.linkonce.wi.*)

.debug_abbrev   0x00000000      0xc50
 *(.debug_abbrev)
 .debug_abbrev  0x00000000      0x183 event_groups.o
 .debug_abbrev  0x00000183       0xb4 GPIO.o
 .debug_abbrev  0x00000237      0x182 heap_2.o
 .debug_abbrev  0x000003b9       0xed list.o
 .debug_abbrev  0x000004a6      0x136 Mutual Exclusion_2.o
 .debug_abbrev  0x000005dc      0x113 port.o
 .debug_abbrev  0x000006ef      0x277 queue.o
 .debug_abbrev  0x00000966      0x2ae tasks.o
 .debug_abbrev  0x00000c14       0x14 c:/program files (x86)/atmel/atmel studio 6.0/extensions/atmel/avrgcc/3.4.1.95/avrtoolchain/bin/../lib/gcc/avr/4.6.2/avr5\libgcc.a(_exit.o)
 .debug_abbrev  0x00000c28       0x14 c:/program files (x86)/atmel/atmel studio 6.0/extensions/atmel/avrgcc/3.4.1.95/avrtoolchain/bin/../lib/gcc/avr/4.6.2/avr5\libgcc.a(_copy_data.o)
 .debug_abbrev  0x00000c3c       0x14 c:/program files (x86)/atmel/atmel studio 6.0/extensions/atmel/avrgcc/3.4.1.95/avrtoolchain/bin/../lib/gcc/avr/4.6.2/avr5\libgcc.a(_clear_bss.o)

.debug_line     0x00000000     0x1397
 *(.debug_line)
 .debug_line    0x00000000      0x1c7 event_groups.o
 .debug_line    0x000001c7       0x73 GPIO.o
 .debug_line    0x0000023a      0x1d0 heap_2.o
 .debug_line    0x0000040a      0x11f list.o
 .debug_line    0x00000529      0x1bc Mutual Exclusion_2.o
 .debug_line    0x000006e5      0x14b port.o
 .debug_line    0x00000830      0x389 queue.o
 .debug_line    0x00000bb9      0x637 tasks.o
 .debug_line    0x000011f0       0x88 c:/program files (x86)/atmel/atmel studio 6.0/extensions/atmel/avrgcc/3.4.1.95/avrtoolchain/bin/../lib/gcc/avr/4.6.2/avr5\libgcc.a(_exit.o)
 .debug_line    0x00001278       0x91 c:/program files (x86)/atmel/atmel studio 6.0/extensions/atmel/avrgcc/3.4.1.95/avrtoolchain/bin/../lib/gcc/avr/4.6.2/avr5\libgcc.a(_copy_data.o)
 .debug_line    0x00001309       0x8e c:/program files (x86)/atmel/atmel studio 6.0/extensions/atmel/avrgcc/3.4.1.95/avrtoolchain/bin/../lib/gcc/avr/4.6.2/avr5\libgcc.a(_clear_bss.o)

.debug_frame    0x00000000      0xbcc
 *(.debug_frame)
 .debug_frame   0x00000000      0x168 event_groups.o
 .debug_frame   0x00000168       0xc4 GPIO.o
 .debug_frame   0x0000022c       0x7c heap_2.o
 .debug_frame   0x000002a8       0x88 list.o
 .debug_frame   0x00000330       0x44 Mutual Exclusion_2.o
 .debug_frame   0x00000374       0x74 port.o
 .debug_frame   0x000003e8      0x2bc queue.o
 .debug_frame   0x000006a4      0x528 tasks.o

.debug_str      0x00000000     0x15c8
 *(.debug_str)
 .debug_str     0x00000000      0x40a event_groups.o
                                0x484 (size before relaxing)
 .debug_str     0x0000040a       0xec GPIO.o
                                0x1cb (size before relaxing)
 .debug_str     0x000004f6      0x15c heap_2.o
                                0x27f (size before relaxing)
 .debug_str     0x00000652       0x8e list.o
                                0x255 (size before relaxing)
 .debug_str     0x000006e0       0x75 Mutual Exclusion_2.o
                                0x1aa (size before relaxing)
 .debug_str     0x00000755       0xf2 port.o
                                0x228 (size before relaxing)
 .debug_str     0x00000847      0x456 queue.o
                                0x680 (size before relaxing)
 .debug_str     0x00000c9d      0x92b tasks.o
                                0xbf8 (size before relaxing)

.debug_loc      0x00000000     0x3fd8
 *(.debug_loc)
 .debug_loc     0x00000000      0xaaa event_groups.o
 .debug_loc     0x00000aaa      0x2b1 GPIO.o
 .debug_loc     0x00000d5b      0x2ca heap_2.o
 .debug_loc     0x00001025      0x149 list.o
 .debug_loc     0x0000116e       0x18 Mutual Exclusion_2.o
 .debug_loc     0x00001186      0x28e port.o
 .debug_loc     0x00001414     0x10c9 queue.o
 .debug_loc     0x000024dd     0x1afb tasks.o

.debug_macinfo
 *(.debug_macinfo)
OUTPUT(Mutual Exclusion_2.elf elf32-avr)
LOAD linker stubs

.debug_ranges   0x00000000      0x130
 .debug_ranges  0x00000000       0x78 queue.o
 .debug_ranges  0x00000078       0xb8 tasks.o
