Archive member included because of file (symbol)

c:/program files (x86)/atmel/atmel studio 6.0/extensions/atmel/avrgcc/3.4.1.95/avrtoolchain/bin/../lib/gcc/avr/4.6.2/avr5\libgcc.a(_exit.o)
                              c:/program files (x86)/atmel/atmel studio 6.0/extensions/atmel/avrgcc/3.4.1.95/avrtoolchain/bin/../lib/gcc/avr/4.6.2/../../../../avr/lib/avr5/crtm32a.o (exit)
c:/program files (x86)/atmel/atmel studio 6.0/extensions/atmel/avrgcc/3.4.1.95/avrtoolchain/bin/../lib/gcc/avr/4.6.2/avr5\libgcc.a(_copy_data.o)
                              GPIO.o (__do_copy_data)
c:/program files (x86)/atmel/atmel studio 6.0/extensions/atmel/avrgcc/3.4.1.95/avrtoolchain/bin/../lib/gcc/avr/4.6.2/avr5\libgcc.a(_clear_bss.o)
                              GPIO.o (__do_clear_bss)

Allocating common symbols
Common symbol       size              file

Global_u8DemandResponse
                    0x1               Smart_Home_Master.o
SPI_u8Response      0x1               Smart_Home_Master.o

Memory Configuration

Name             Origin             Length             Attributes
text             0x00000000         0x00020000         xr
data             0x00800060         0x0000ffa0         rw !x
eeprom           0x00810000         0x00010000         rw !x
fuse             0x00820000         0x00000400         rw !x
lock             0x00830000         0x00000400         rw !x
signature        0x00840000         0x00000400         rw !x
*default*        0x00000000         0xffffffff

Linker script and memory map

LOAD c:/program files (x86)/atmel/atmel studio 6.0/extensions/atmel/avrgcc/3.4.1.95/avrtoolchain/bin/../lib/gcc/avr/4.6.2/../../../../avr/lib/avr5/crtm32a.o
LOAD GPIO.o
LOAD Hkeypad.o
LOAD HLED.o
LOAD HSPI.o
LOAD LCD.o
LOAD MEEPROM.o
LOAD SmartHome_Functions.o
LOAD Smart_Home_Master.o
LOAD Timers.o
START GROUP
LOAD c:/program files (x86)/atmel/atmel studio 6.0/extensions/atmel/avrgcc/3.4.1.95/avrtoolchain/bin/../lib/gcc/avr/4.6.2/../../../../avr/lib/avr5\libm.a
END GROUP
LOAD c:/program files (x86)/atmel/atmel studio 6.0/extensions/atmel/avrgcc/3.4.1.95/avrtoolchain/bin/../lib/gcc/avr/4.6.2/avr5\libgcc.a
LOAD c:/program files (x86)/atmel/atmel studio 6.0/extensions/atmel/avrgcc/3.4.1.95/avrtoolchain/bin/../lib/gcc/avr/4.6.2/../../../../avr/lib/avr5\libc.a
LOAD c:/program files (x86)/atmel/atmel studio 6.0/extensions/atmel/avrgcc/3.4.1.95/avrtoolchain/bin/../lib/gcc/avr/4.6.2/avr5\libgcc.a

.hash
 *(.hash)

.dynsym
 *(.dynsym)

.dynstr
 *(.dynstr)

.gnu.version
 *(.gnu.version)

.gnu.version_d
 *(.gnu.version_d)

.gnu.version_r
 *(.gnu.version_r)

.rel.init
 *(.rel.init)

.rela.init
 *(.rela.init)

.rel.text
 *(.rel.text)
 *(.rel.text.*)
 *(.rel.gnu.linkonce.t*)

.rela.text
 *(.rela.text)
 *(.rela.text.*)
 *(.rela.gnu.linkonce.t*)

.rel.fini
 *(.rel.fini)

.rela.fini
 *(.rela.fini)

.rel.rodata
 *(.rel.rodata)
 *(.rel.rodata.*)
 *(.rel.gnu.linkonce.r*)

.rela.rodata
 *(.rela.rodata)
 *(.rela.rodata.*)
 *(.rela.gnu.linkonce.r*)

.rel.data
 *(.rel.data)
 *(.rel.data.*)
 *(.rel.gnu.linkonce.d*)

.rela.data
 *(.rela.data)
 *(.rela.data.*)
 *(.rela.gnu.linkonce.d*)

.rel.ctors
 *(.rel.ctors)

.rela.ctors
 *(.rela.ctors)

.rel.dtors
 *(.rel.dtors)

.rela.dtors
 *(.rela.dtors)

.rel.got
 *(.rel.got)

.rela.got
 *(.rela.got)

.rel.bss
 *(.rel.bss)

.rela.bss
 *(.rela.bss)

.rel.plt
 *(.rel.plt)

.rela.plt
 *(.rela.plt)

.text           0x00000000     0x131c
 *(.vectors)
 .vectors       0x00000000       0x54 c:/program files (x86)/atmel/atmel studio 6.0/extensions/atmel/avrgcc/3.4.1.95/avrtoolchain/bin/../lib/gcc/avr/4.6.2/../../../../avr/lib/avr5/crtm32a.o
                0x00000000                __vector_default
                0x00000000                __vectors
 *(.vectors)
 *(.progmem.gcc*)
 *(.progmem*)
                0x00000054                . = ALIGN (0x2)
                0x00000054                __trampolines_start = .
 *(.trampolines)
 .trampolines   0x00000054        0x0 linker stubs
 *(.trampolines*)
                0x00000054                __trampolines_end = .
 *(.jumptables)
 *(.jumptables*)
 *(.lowtext)
 *(.lowtext*)
                0x00000054                __ctors_start = .
 *(.ctors)
                0x00000054                __ctors_end = .
                0x00000054                __dtors_start = .
 *(.dtors)
                0x00000054                __dtors_end = .
 SORT(*)(.ctors)
 SORT(*)(.dtors)
 *(.init0)
 .init0         0x00000054        0x0 c:/program files (x86)/atmel/atmel studio 6.0/extensions/atmel/avrgcc/3.4.1.95/avrtoolchain/bin/../lib/gcc/avr/4.6.2/../../../../avr/lib/avr5/crtm32a.o
                0x00000054                __init
 *(.init0)
 *(.init1)
 *(.init1)
 *(.init2)
 .init2         0x00000054        0xc c:/program files (x86)/atmel/atmel studio 6.0/extensions/atmel/avrgcc/3.4.1.95/avrtoolchain/bin/../lib/gcc/avr/4.6.2/../../../../avr/lib/avr5/crtm32a.o
 *(.init2)
 *(.init3)
 *(.init3)
 *(.init4)
 .init4         0x00000060       0x16 c:/program files (x86)/atmel/atmel studio 6.0/extensions/atmel/avrgcc/3.4.1.95/avrtoolchain/bin/../lib/gcc/avr/4.6.2/avr5\libgcc.a(_copy_data.o)
                0x00000060                __do_copy_data
 .init4         0x00000076       0x10 c:/program files (x86)/atmel/atmel studio 6.0/extensions/atmel/avrgcc/3.4.1.95/avrtoolchain/bin/../lib/gcc/avr/4.6.2/avr5\libgcc.a(_clear_bss.o)
                0x00000076                __do_clear_bss
 *(.init4)
 *(.init5)
 *(.init5)
 *(.init6)
 *(.init6)
 *(.init7)
 *(.init7)
 *(.init8)
 *(.init8)
 *(.init9)
 .init9         0x00000086        0x8 c:/program files (x86)/atmel/atmel studio 6.0/extensions/atmel/avrgcc/3.4.1.95/avrtoolchain/bin/../lib/gcc/avr/4.6.2/../../../../avr/lib/avr5/crtm32a.o
 *(.init9)
 *(.text)
 .text          0x0000008e        0x4 c:/program files (x86)/atmel/atmel studio 6.0/extensions/atmel/avrgcc/3.4.1.95/avrtoolchain/bin/../lib/gcc/avr/4.6.2/../../../../avr/lib/avr5/crtm32a.o
                0x0000008e                __vector_1
                0x0000008e                __vector_12
                0x0000008e                __bad_interrupt
                0x0000008e                __vector_6
                0x0000008e                __vector_3
                0x0000008e                __vector_11
                0x0000008e                __vector_13
                0x0000008e                __vector_17
                0x0000008e                __vector_19
                0x0000008e                __vector_7
                0x0000008e                __vector_5
                0x0000008e                __vector_4
                0x0000008e                __vector_9
                0x0000008e                __vector_2
                0x0000008e                __vector_15
                0x0000008e                __vector_8
                0x0000008e                __vector_14
                0x0000008e                __vector_10
                0x0000008e                __vector_16
                0x0000008e                __vector_18
                0x0000008e                __vector_20
 .text          0x00000092      0x140 GPIO.o
                0x00000092                DIO_Set_Port_Direction
                0x000000ac                DIO_Set_Pin_Direction
                0x000000f2                DIO_Set_Port_Value
                0x000000fa                DIO_Set_Pin_Value
                0x00000140                DIO_Get_Port_value
                0x0000015c                DIO_Get_Pin_value
                0x0000018a                DIO_Toggle_Pin
                0x000001a8                DIO_SET_HIGH_Nipple_Value
                0x000001be                DIO_SET_LOW_Nipple_Value
 .text          0x000001d2      0x110 Hkeypad.o
                0x000001d2                Keypad_4_4_Init
                0x0000024c                Keypad_4_4_Read
 .text          0x000002e2       0x24 HLED.o
                0x000002e2                LED_init
                0x000002ea                LED_ON
                0x000002f2                LED_OFF
                0x000002fa                LED_Toggle
                0x00000300                LED_Read_Status
 .text          0x00000306       0xd4 HSPI.o
                0x00000306                SPI_MasterInit
                0x00000336                SPI_SlaveInit
                0x00000364                SPI_MasterTransmit
                0x00000392                SPI_SlaveReceive
                0x000003b0                SPI_MasterSendString
 .text          0x000003da      0x2c8 LCD.o
                0x000003fc                LCD_send_char
                0x000004a2                LCD_send_string
                0x000004c0                LCD_send_cmd
                0x00000566                LCD_inti
                0x00000624                LCD_clear
                0x0000062c                LCD_move_cursor
                0x00000676                lcd_print
 .text          0x000006a2       0x1c MEEPROM.o
                0x000006a2                EEPROM_Write
                0x000006b4                EEPROM_Read
 .text          0x000006be      0x4a0 SmartHome_Functions.o
                0x000006be                Set_Temperature
                0x0000076e                Room_voidGetStatus
                0x000007be                voidDisplayWindow
                0x00000928                AirCon_voidDisplay
                0x000009a4                Admin_voidDisplayMore
                0x00000a2c                Guest_u8Display
                0x00000ac2                Admin_u8Display
 .text          0x00000b5e      0x664 Smart_Home_Master.o
                0x00000b5e                FirstTime_voidDisplay
                0x00000b92                Admin_voidSetPassword
                0x00000c7a                Guest_voidSetPassword
                0x00000d62                AdminLogin_u8CheckPassword
                0x00000ec2                GuestLogin_u8CheckPassword
                0x00001022                main
 .text          0x000011c2      0x156 Timers.o
                0x000011c2                Timer0_Overflow_Interrupt_Init
                0x000011e8                Timer0_CTC_Interrupt_Init
                0x00001210                Timer0_Wave_Non_PWM
                0x00001280                Timer0_PWM_init
                0x000012b0                Timer0_PWM_Change
                0x000012b4                Timer0_Phase_Correct_PWM
                0x000012ec                Timer2_Overflow_Interrupt_Init
 .text          0x00001318        0x0 c:/program files (x86)/atmel/atmel studio 6.0/extensions/atmel/avrgcc/3.4.1.95/avrtoolchain/bin/../lib/gcc/avr/4.6.2/avr5\libgcc.a(_exit.o)
 .text          0x00001318        0x0 c:/program files (x86)/atmel/atmel studio 6.0/extensions/atmel/avrgcc/3.4.1.95/avrtoolchain/bin/../lib/gcc/avr/4.6.2/avr5\libgcc.a(_copy_data.o)
 .text          0x00001318        0x0 c:/program files (x86)/atmel/atmel studio 6.0/extensions/atmel/avrgcc/3.4.1.95/avrtoolchain/bin/../lib/gcc/avr/4.6.2/avr5\libgcc.a(_clear_bss.o)
                0x00001318                . = ALIGN (0x2)
 *(.text.*)
 .text.libgcc   0x00001318        0x0 c:/program files (x86)/atmel/atmel studio 6.0/extensions/atmel/avrgcc/3.4.1.95/avrtoolchain/bin/../lib/gcc/avr/4.6.2/avr5\libgcc.a(_exit.o)
 .text.libgcc   0x00001318        0x0 c:/program files (x86)/atmel/atmel studio 6.0/extensions/atmel/avrgcc/3.4.1.95/avrtoolchain/bin/../lib/gcc/avr/4.6.2/avr5\libgcc.a(_copy_data.o)
 .text.libgcc   0x00001318        0x0 c:/program files (x86)/atmel/atmel studio 6.0/extensions/atmel/avrgcc/3.4.1.95/avrtoolchain/bin/../lib/gcc/avr/4.6.2/avr5\libgcc.a(_clear_bss.o)
                0x00001318                . = ALIGN (0x2)
 *(.fini9)
 .fini9         0x00001318        0x0 c:/program files (x86)/atmel/atmel studio 6.0/extensions/atmel/avrgcc/3.4.1.95/avrtoolchain/bin/../lib/gcc/avr/4.6.2/avr5\libgcc.a(_exit.o)
                0x00001318                _exit
                0x00001318                exit
 *(.fini9)
 *(.fini8)
 *(.fini8)
 *(.fini7)
 *(.fini7)
 *(.fini6)
 *(.fini6)
 *(.fini5)
 *(.fini5)
 *(.fini4)
 *(.fini4)
 *(.fini3)
 *(.fini3)
 *(.fini2)
 *(.fini2)
 *(.fini1)
 *(.fini1)
 *(.fini0)
 .fini0         0x00001318        0x4 c:/program files (x86)/atmel/atmel studio 6.0/extensions/atmel/avrgcc/3.4.1.95/avrtoolchain/bin/../lib/gcc/avr/4.6.2/avr5\libgcc.a(_exit.o)
 *(.fini0)
                0x0000131c                _etext = .

.data           0x00800060      0x1fe load address 0x0000131c
                0x00800060                PROVIDE (__data_start, .)
 *(.data)
 .data          0x00800060        0x0 c:/program files (x86)/atmel/atmel studio 6.0/extensions/atmel/avrgcc/3.4.1.95/avrtoolchain/bin/../lib/gcc/avr/4.6.2/../../../../avr/lib/avr5/crtm32a.o
 .data          0x00800060        0x0 GPIO.o
 .data          0x00800060       0x10 Hkeypad.o
                0x00800060                keypad_chr
 .data          0x00800070        0x0 HLED.o
 .data          0x00800070        0x0 HSPI.o
 .data          0x00800070        0x0 LCD.o
 .data          0x00800070        0x0 MEEPROM.o
 .data          0x00800070       0xd8 SmartHome_Functions.o
 .data          0x00800148      0x115 Smart_Home_Master.o
 .data          0x0080025d        0x0 Timers.o
 .data          0x0080025d        0x0 c:/program files (x86)/atmel/atmel studio 6.0/extensions/atmel/avrgcc/3.4.1.95/avrtoolchain/bin/../lib/gcc/avr/4.6.2/avr5\libgcc.a(_exit.o)
 .data          0x0080025d        0x0 c:/program files (x86)/atmel/atmel studio 6.0/extensions/atmel/avrgcc/3.4.1.95/avrtoolchain/bin/../lib/gcc/avr/4.6.2/avr5\libgcc.a(_copy_data.o)
 .data          0x0080025d        0x0 c:/program files (x86)/atmel/atmel studio 6.0/extensions/atmel/avrgcc/3.4.1.95/avrtoolchain/bin/../lib/gcc/avr/4.6.2/avr5\libgcc.a(_clear_bss.o)
 *(.data*)
 *(.rodata)
 *(.rodata*)
 *(.gnu.linkonce.d*)
                0x0080025e                . = ALIGN (0x2)
 *fill*         0x0080025d        0x1 00
                0x0080025e                _edata = .
                0x0080025e                PROVIDE (__data_end, .)

.bss            0x0080025e        0x2
                0x0080025e                PROVIDE (__bss_start, .)
 *(.bss)
 .bss           0x0080025e        0x0 c:/program files (x86)/atmel/atmel studio 6.0/extensions/atmel/avrgcc/3.4.1.95/avrtoolchain/bin/../lib/gcc/avr/4.6.2/../../../../avr/lib/avr5/crtm32a.o
 .bss           0x0080025e        0x0 GPIO.o
 .bss           0x0080025e        0x0 Hkeypad.o
 .bss           0x0080025e        0x0 HLED.o
 .bss           0x0080025e        0x0 HSPI.o
 .bss           0x0080025e        0x0 LCD.o
 .bss           0x0080025e        0x0 MEEPROM.o
 .bss           0x0080025e        0x0 SmartHome_Functions.o
 .bss           0x0080025e        0x0 Smart_Home_Master.o
 .bss           0x0080025e        0x0 Timers.o
 .bss           0x0080025e        0x0 c:/program files (x86)/atmel/atmel studio 6.0/extensions/atmel/avrgcc/3.4.1.95/avrtoolchain/bin/../lib/gcc/avr/4.6.2/avr5\libgcc.a(_exit.o)
 .bss           0x0080025e        0x0 c:/program files (x86)/atmel/atmel studio 6.0/extensions/atmel/avrgcc/3.4.1.95/avrtoolchain/bin/../lib/gcc/avr/4.6.2/avr5\libgcc.a(_copy_data.o)
 .bss           0x0080025e        0x0 c:/program files (x86)/atmel/atmel studio 6.0/extensions/atmel/avrgcc/3.4.1.95/avrtoolchain/bin/../lib/gcc/avr/4.6.2/avr5\libgcc.a(_clear_bss.o)
 *(.bss*)
 *(COMMON)
 COMMON         0x0080025e        0x2 Smart_Home_Master.o
                0x0080025e                Global_u8DemandResponse
                0x0080025f                SPI_u8Response
                0x00800260                PROVIDE (__bss_end, .)
                0x0000131c                __data_load_start = LOADADDR (.data)
                0x0000151a                __data_load_end = (__data_load_start + SIZEOF (.data))

.noinit         0x00800260        0x0
                0x00800260                PROVIDE (__noinit_start, .)
 *(.noinit*)
                0x00800260                PROVIDE (__noinit_end, .)
                0x00800260                _end = .
                0x00800260                PROVIDE (__heap_start, .)

.eeprom         0x00810000        0x0
 *(.eeprom*)
                0x00810000                __eeprom_end = .

.fuse
 *(.fuse)
 *(.lfuse)
 *(.hfuse)
 *(.efuse)

.lock
 *(.lock*)

.signature
 *(.signature*)

.stab           0x00000000      0x6cc
 *(.stab)
 .stab          0x00000000      0x6cc c:/program files (x86)/atmel/atmel studio 6.0/extensions/atmel/avrgcc/3.4.1.95/avrtoolchain/bin/../lib/gcc/avr/4.6.2/../../../../avr/lib/avr5/crtm32a.o

.stabstr        0x00000000       0x85
 *(.stabstr)
 .stabstr       0x00000000       0x85 c:/program files (x86)/atmel/atmel studio 6.0/extensions/atmel/avrgcc/3.4.1.95/avrtoolchain/bin/../lib/gcc/avr/4.6.2/../../../../avr/lib/avr5/crtm32a.o

.stab.excl
 *(.stab.excl)

.stab.exclstr
 *(.stab.exclstr)

.stab.index
 *(.stab.index)

.stab.indexstr
 *(.stab.indexstr)

.comment
 *(.comment)

.debug
 *(.debug)

.line
 *(.line)

.debug_srcinfo
 *(.debug_srcinfo)

.debug_sfnames
 *(.debug_sfnames)

.debug_aranges  0x00000000      0x180
 *(.debug_aranges)
 .debug_aranges
                0x00000000       0x20 GPIO.o
 .debug_aranges
                0x00000020       0x20 Hkeypad.o
 .debug_aranges
                0x00000040       0x20 HLED.o
 .debug_aranges
                0x00000060       0x20 HSPI.o
 .debug_aranges
                0x00000080       0x20 LCD.o
 .debug_aranges
                0x000000a0       0x20 MEEPROM.o
 .debug_aranges
                0x000000c0       0x20 SmartHome_Functions.o
 .debug_aranges
                0x000000e0       0x20 Smart_Home_Master.o
 .debug_aranges
                0x00000100       0x20 Timers.o
 .debug_aranges
                0x00000120       0x20 c:/program files (x86)/atmel/atmel studio 6.0/extensions/atmel/avrgcc/3.4.1.95/avrtoolchain/bin/../lib/gcc/avr/4.6.2/avr5\libgcc.a(_exit.o)
 .debug_aranges
                0x00000140       0x20 c:/program files (x86)/atmel/atmel studio 6.0/extensions/atmel/avrgcc/3.4.1.95/avrtoolchain/bin/../lib/gcc/avr/4.6.2/avr5\libgcc.a(_copy_data.o)
 .debug_aranges
                0x00000160       0x20 c:/program files (x86)/atmel/atmel studio 6.0/extensions/atmel/avrgcc/3.4.1.95/avrtoolchain/bin/../lib/gcc/avr/4.6.2/avr5\libgcc.a(_clear_bss.o)

.debug_pubnames
 *(.debug_pubnames)

.debug_info     0x00000000     0x1deb
 *(.debug_info)
 .debug_info    0x00000000      0x274 GPIO.o
 .debug_info    0x00000274       0xde Hkeypad.o
 .debug_info    0x00000352      0x171 HLED.o
 .debug_info    0x000004c3      0x1e6 HSPI.o
 .debug_info    0x000006a9      0x404 LCD.o
 .debug_info    0x00000aad       0xc3 MEEPROM.o
 .debug_info    0x00000b70      0x630 SmartHome_Functions.o
 .debug_info    0x000011a0      0x878 Smart_Home_Master.o
 .debug_info    0x00001a18      0x13c Timers.o
 .debug_info    0x00001b54       0xdd c:/program files (x86)/atmel/atmel studio 6.0/extensions/atmel/avrgcc/3.4.1.95/avrtoolchain/bin/../lib/gcc/avr/4.6.2/avr5\libgcc.a(_exit.o)
 .debug_info    0x00001c31       0xdd c:/program files (x86)/atmel/atmel studio 6.0/extensions/atmel/avrgcc/3.4.1.95/avrtoolchain/bin/../lib/gcc/avr/4.6.2/avr5\libgcc.a(_copy_data.o)
 .debug_info    0x00001d0e       0xdd c:/program files (x86)/atmel/atmel studio 6.0/extensions/atmel/avrgcc/3.4.1.95/avrtoolchain/bin/../lib/gcc/avr/4.6.2/avr5\libgcc.a(_clear_bss.o)
 *(.gnu.linkonce.wi.*)

.debug_abbrev   0x00000000      0x9a5
 *(.debug_abbrev)
 .debug_abbrev  0x00000000       0xb4 GPIO.o
 .debug_abbrev  0x000000b4       0x9f Hkeypad.o
 .debug_abbrev  0x00000153       0x87 HLED.o
 .debug_abbrev  0x000001da      0x12b HSPI.o
 .debug_abbrev  0x00000305      0x187 LCD.o
 .debug_abbrev  0x0000048c       0x87 MEEPROM.o
 .debug_abbrev  0x00000513      0x1db SmartHome_Functions.o
 .debug_abbrev  0x000006ee      0x1ee Smart_Home_Master.o
 .debug_abbrev  0x000008dc       0x8d Timers.o
 .debug_abbrev  0x00000969       0x14 c:/program files (x86)/atmel/atmel studio 6.0/extensions/atmel/avrgcc/3.4.1.95/avrtoolchain/bin/../lib/gcc/avr/4.6.2/avr5\libgcc.a(_exit.o)
 .debug_abbrev  0x0000097d       0x14 c:/program files (x86)/atmel/atmel studio 6.0/extensions/atmel/avrgcc/3.4.1.95/avrtoolchain/bin/../lib/gcc/avr/4.6.2/avr5\libgcc.a(_copy_data.o)
 .debug_abbrev  0x00000991       0x14 c:/program files (x86)/atmel/atmel studio 6.0/extensions/atmel/avrgcc/3.4.1.95/avrtoolchain/bin/../lib/gcc/avr/4.6.2/avr5\libgcc.a(_clear_bss.o)

.debug_line     0x00000000      0xe40
 *(.debug_line)
 .debug_line    0x00000000       0x73 GPIO.o
 .debug_line    0x00000073       0x7a Hkeypad.o
 .debug_line    0x000000ed       0x55 HLED.o
 .debug_line    0x00000142      0x1b1 HSPI.o
 .debug_line    0x000002f3      0x21e LCD.o
 .debug_line    0x00000511       0x5b MEEPROM.o
 .debug_line    0x0000056c      0x32d SmartHome_Functions.o
 .debug_line    0x00000899      0x37e Smart_Home_Master.o
 .debug_line    0x00000c17       0x82 Timers.o
 .debug_line    0x00000c99       0x88 c:/program files (x86)/atmel/atmel studio 6.0/extensions/atmel/avrgcc/3.4.1.95/avrtoolchain/bin/../lib/gcc/avr/4.6.2/avr5\libgcc.a(_exit.o)
 .debug_line    0x00000d21       0x91 c:/program files (x86)/atmel/atmel studio 6.0/extensions/atmel/avrgcc/3.4.1.95/avrtoolchain/bin/../lib/gcc/avr/4.6.2/avr5\libgcc.a(_copy_data.o)
 .debug_line    0x00000db2       0x8e c:/program files (x86)/atmel/atmel studio 6.0/extensions/atmel/avrgcc/3.4.1.95/avrtoolchain/bin/../lib/gcc/avr/4.6.2/avr5\libgcc.a(_clear_bss.o)

.debug_frame    0x00000000      0x5f0
 *(.debug_frame)
 .debug_frame   0x00000000       0xc4 GPIO.o
 .debug_frame   0x000000c4       0x50 Hkeypad.o
 .debug_frame   0x00000114       0x64 HLED.o
 .debug_frame   0x00000178       0x98 HSPI.o
 .debug_frame   0x00000210       0xd0 LCD.o
 .debug_frame   0x000002e0       0x34 MEEPROM.o
 .debug_frame   0x00000314      0x120 SmartHome_Functions.o
 .debug_frame   0x00000434      0x124 Smart_Home_Master.o
 .debug_frame   0x00000558       0x98 Timers.o

.debug_str      0x00000000      0x68b
 *(.debug_str)
 .debug_str     0x00000000      0x162 GPIO.o
                                0x195 (size before relaxing)
 .debug_str     0x00000162       0x47 Hkeypad.o
                                0x10a (size before relaxing)
 .debug_str     0x000001a9       0x44 HLED.o
                                0x104 (size before relaxing)
 .debug_str     0x000001ed       0xff HSPI.o
                                0x1d7 (size before relaxing)
 .debug_str     0x000002ec       0x7b LCD.o
                                0x1cd (size before relaxing)
 .debug_str     0x00000367       0x30 MEEPROM.o
                                 0xf1 (size before relaxing)
 .debug_str     0x00000397      0x129 SmartHome_Functions.o
                                0x29a (size before relaxing)
 .debug_str     0x000004c0       0xf4 Smart_Home_Master.o
                                0x270 (size before relaxing)
 .debug_str     0x000005b4       0xd7 Timers.o
                                0x18d (size before relaxing)

.debug_loc      0x00000000     0x1877
 *(.debug_loc)
 .debug_loc     0x00000000      0x2b1 GPIO.o
 .debug_loc     0x000002b1       0xe8 Hkeypad.o
 .debug_loc     0x00000399       0xbe HLED.o
 .debug_loc     0x00000457      0x1c3 HSPI.o
 .debug_loc     0x0000061a      0x231 LCD.o
 .debug_loc     0x0000084b       0x30 MEEPROM.o
 .debug_loc     0x0000087b      0x62e SmartHome_Functions.o
 .debug_loc     0x00000ea9      0x8ec Smart_Home_Master.o
 .debug_loc     0x00001795       0xe2 Timers.o

.debug_macinfo
 *(.debug_macinfo)
OUTPUT(Smart_Home_Master.elf elf32-avr)
LOAD linker stubs
